Using launch settings from C:\Users\hp\Documents\work\mine\ASP.net\donet-api\StockReview\StockReview\Properties\launchSettings.json...
info: Microsoft.Hosting.Lifetime[14]
      Now listening on: http://localhost:5276
info: Microsoft.Hosting.Lifetime[0]
      Application started. Press Ctrl+C to shut down.
info: Microsoft.Hosting.Lifetime[0]
      Hosting environment: Development
info: Microsoft.Hosting.Lifetime[0]
      Content root path: C:\Users\hp\Documents\work\mine\ASP.net\donet-api\StockReview\StockReview
warn: Microsoft.AspNetCore.HttpsPolicy.HttpsRedirectionMiddleware[3]
      Failed to determine the https port for redirect.
info: Microsoft.EntityFrameworkCore.Database.Command[20101]
      Executed DbCommand (69ms) [Parameters=[@normalizedUserName='?' (Size = 256)], CommandType='Text', CommandTimeout='30']
      SELECT TOP(1) [a].[Id], [a].[AccessFailedCount], [a].[ConcurrencyStamp], [a].[Email], [a].[EmailConfirmed], [a].[LockoutEnabled], [a].[LockoutEnd], [a].[NormalizedEmail], [a].[NormalizedUserName], [a].[PasswordHash], [a].[PhoneNumber], [a].[PhoneNumberConfirmed], [a].[SecurityStamp], [a].[TwoFactorEnabled], [a].[UserName]
      FROM [AspNetUsers] AS [a]
      WHERE [a].[NormalizedUserName] = @normalizedUserName
info: Microsoft.EntityFrameworkCore.Database.Command[20101]
      Executed DbCommand (69ms) [Parameters=[@p='?' (DbType = Int32), @p1='?' (DbType = Int32)], CommandType='Text', CommandTimeout='30']
      SELECT [s0].[Id], [s0].[CompanyName], [s0].[Divided], [s0].[Industry], [s0].[LastDiv], [s0].[MarketCap], [s0].[Purchase], [s0].[Symbol], [s1].[Id], [s1].[AppUserId], [s1].[Content], [s1].[CreatedAt], [s1].[StockId], [s1].[Title], [s1].[Id0], [s1].[AccessFailedCount], [s1].[ConcurrencyStamp], [s1].[Email], [s1].[EmailConfirmed], [s1].[LockoutEnabled], [s1].[LockoutEnd], [s1].[NormalizedEmail], [s1].[NormalizedUserName], [s1].[PasswordHash], [s1].[PhoneNumber], [s1].[PhoneNumberConfirmed], [s1].[SecurityStamp], [s1].[TwoFactorEnabled], [s1].[UserName]
      FROM (
          SELECT [s].[Id], [s].[CompanyName], [s].[Divided], [s].[Industry], [s].[LastDiv], [s].[MarketCap], [s].[Purchase], [s].[Symbol]
          FROM [Stocks] AS [s]
          ORDER BY [s].[Symbol]
          OFFSET @p ROWS FETCH NEXT @p1 ROWS ONLY
      ) AS [s0]
      LEFT JOIN (
          SELECT [c].[Id], [c].[AppUserId], [c].[Content], [c].[CreatedAt], [c].[StockId], [c].[Title], [a].[Id] AS [Id0], [a].[AccessFailedCount], [a].[ConcurrencyStamp], [a].[Email], [a].[EmailConfirmed], [a].[LockoutEnabled], [a].[LockoutEnd], [a].[NormalizedEmail], [a].[NormalizedUserName], [a].[PasswordHash], [a].[PhoneNumber], [a].[PhoneNumberConfirmed], [a].[SecurityStamp], [a].[TwoFactorEnabled], [a].[UserName]
          FROM [Comments] AS [c]
          LEFT JOIN [AspNetUsers] AS [a] ON [c].[AppUserId] = [a].[Id]
      ) AS [s1] ON [s0].[Id] = [s1].[StockId]
      ORDER BY [s0].[Symbol], [s0].[Id], [s1].[Id]
info: Microsoft.EntityFrameworkCore.Database.Command[20101]
      Executed DbCommand (8ms) [Parameters=[@user_Id='?' (Size = 450)], CommandType='Text', CommandTimeout='30']
      SELECT [s].[Id], [s].[Symbol], [s].[CompanyName], [s].[Purchase], [s].[Divided], [s].[LastDiv], [s].[Industry], [s].[MarketCap]
      FROM [Portfolios] AS [p]
      INNER JOIN [Stocks] AS [s] ON [p].[StockId] = [s].[Id]
      WHERE [p].[AppUserId] = @user_Id
info: System.Net.Http.HttpClient.IFMPInterface.LogicalHandler[100]
      Start processing HTTP request GET https://financialmodelingprep.com/stable/quote?*
info: System.Net.Http.HttpClient.IFMPInterface.ClientHandler[100]
      Sending HTTP request GET https://financialmodelingprep.com/stable/quote?*
info: System.Net.Http.HttpClient.IFMPInterface.LogicalHandler[100]
      Start processing HTTP request GET https://financialmodelingprep.com/stable/quote?*
info: System.Net.Http.HttpClient.IFMPInterface.ClientHandler[100]
      Sending HTTP request GET https://financialmodelingprep.com/stable/quote?*
info: System.Net.Http.HttpClient.IFMPInterface.LogicalHandler[100]
      Start processing HTTP request GET https://financialmodelingprep.com/stable/quote?*
info: System.Net.Http.HttpClient.IFMPInterface.ClientHandler[100]
      Sending HTTP request GET https://financialmodelingprep.com/stable/quote?*
info: System.Net.Http.HttpClient.IFMPInterface.ClientHandler[101]
      Received HTTP response headers after 1469.9251ms - 200
info: System.Net.Http.HttpClient.IFMPInterface.ClientHandler[101]
      Received HTTP response headers after 1464.5605ms - 200
info: System.Net.Http.HttpClient.IFMPInterface.LogicalHandler[101]
      End processing HTTP request after 1482.619ms - 200
info: System.Net.Http.HttpClient.IFMPInterface.LogicalHandler[101]
      End processing HTTP request after 1471.1652ms - 200
info: System.Net.Http.HttpClient.IFMPInterface.ClientHandler[101]
      Received HTTP response headers after 1810.6174ms - 200
info: System.Net.Http.HttpClient.IFMPInterface.LogicalHandler[101]
      End processing HTTP request after 1810.7165ms - 200
info: Microsoft.EntityFrameworkCore.Database.Command[20101]
      Executed DbCommand (3ms) [Parameters=[@normalizedUserName='?' (Size = 256)], CommandType='Text', CommandTimeout='30']
      SELECT TOP(1) [a].[Id], [a].[AccessFailedCount], [a].[ConcurrencyStamp], [a].[Email], [a].[EmailConfirmed], [a].[LockoutEnabled], [a].[LockoutEnd], [a].[NormalizedEmail], [a].[NormalizedUserName], [a].[PasswordHash], [a].[PhoneNumber], [a].[PhoneNumberConfirmed], [a].[SecurityStamp], [a].[TwoFactorEnabled], [a].[UserName]
      FROM [AspNetUsers] AS [a]
      WHERE [a].[NormalizedUserName] = @normalizedUserName
info: Microsoft.EntityFrameworkCore.Database.Command[20101]
      Executed DbCommand (3ms) [Parameters=[@user_Id='?' (Size = 450)], CommandType='Text', CommandTimeout='30']
      SELECT [s].[Id], [s].[Symbol], [s].[CompanyName], [s].[Purchase], [s].[Divided], [s].[LastDiv], [s].[Industry], [s].[MarketCap]
      FROM [Portfolios] AS [p]
      INNER JOIN [Stocks] AS [s] ON [p].[StockId] = [s].[Id]
      WHERE [p].[AppUserId] = @user_Id
info: Microsoft.EntityFrameworkCore.Database.Command[20101]
      Executed DbCommand (4ms) [Parameters=[@p='?' (DbType = Int32), @p1='?' (DbType = Int32)], CommandType='Text', CommandTimeout='30']
      SELECT [s0].[Id], [s0].[CompanyName], [s0].[Divided], [s0].[Industry], [s0].[LastDiv], [s0].[MarketCap], [s0].[Purchase], [s0].[Symbol], [s1].[Id], [s1].[AppUserId], [s1].[Content], [s1].[CreatedAt], [s1].[StockId], [s1].[Title], [s1].[Id0], [s1].[AccessFailedCount], [s1].[ConcurrencyStamp], [s1].[Email], [s1].[EmailConfirmed], [s1].[LockoutEnabled], [s1].[LockoutEnd], [s1].[NormalizedEmail], [s1].[NormalizedUserName], [s1].[PasswordHash], [s1].[PhoneNumber], [s1].[PhoneNumberConfirmed], [s1].[SecurityStamp], [s1].[TwoFactorEnabled], [s1].[UserName]
      FROM (
          SELECT [s].[Id], [s].[CompanyName], [s].[Divided], [s].[Industry], [s].[LastDiv], [s].[MarketCap], [s].[Purchase], [s].[Symbol]
          FROM [Stocks] AS [s]
          ORDER BY [s].[Symbol]
          OFFSET @p ROWS FETCH NEXT @p1 ROWS ONLY
      ) AS [s0]
      LEFT JOIN (
          SELECT [c].[Id], [c].[AppUserId], [c].[Content], [c].[CreatedAt], [c].[StockId], [c].[Title], [a].[Id] AS [Id0], [a].[AccessFailedCount], [a].[ConcurrencyStamp], [a].[Email], [a].[EmailConfirmed], [a].[LockoutEnabled], [a].[LockoutEnd], [a].[NormalizedEmail], [a].[NormalizedUserName], [a].[PasswordHash], [a].[PhoneNumber], [a].[PhoneNumberConfirmed], [a].[SecurityStamp], [a].[TwoFactorEnabled], [a].[UserName]
          FROM [Comments] AS [c]
          LEFT JOIN [AspNetUsers] AS [a] ON [c].[AppUserId] = [a].[Id]
      ) AS [s1] ON [s0].[Id] = [s1].[StockId]
      ORDER BY [s0].[Symbol], [s0].[Id], [s1].[Id]
info: System.Net.Http.HttpClient.IFMPInterface.LogicalHandler[100]
      Start processing HTTP request GET https://financialmodelingprep.com/stable/quote?*
info: System.Net.Http.HttpClient.IFMPInterface.ClientHandler[100]
      Sending HTTP request GET https://financialmodelingprep.com/stable/quote?*
info: System.Net.Http.HttpClient.IFMPInterface.LogicalHandler[100]
      Start processing HTTP request GET https://financialmodelingprep.com/stable/quote?*
info: System.Net.Http.HttpClient.IFMPInterface.ClientHandler[100]
      Sending HTTP request GET https://financialmodelingprep.com/stable/quote?*
info: System.Net.Http.HttpClient.IFMPInterface.LogicalHandler[100]
      Start processing HTTP request GET https://financialmodelingprep.com/stable/quote?*
info: System.Net.Http.HttpClient.IFMPInterface.ClientHandler[100]
      Sending HTTP request GET https://financialmodelingprep.com/stable/quote?*
info: System.Net.Http.HttpClient.IFMPInterface.ClientHandler[101]
      Received HTTP response headers after 1309.5838ms - 200
info: System.Net.Http.HttpClient.IFMPInterface.ClientHandler[101]
      Received HTTP response headers after 1309.7889ms - 200
info: System.Net.Http.HttpClient.IFMPInterface.LogicalHandler[101]
      End processing HTTP request after 1309.9661ms - 200
info: System.Net.Http.HttpClient.IFMPInterface.LogicalHandler[101]
      End processing HTTP request after 1309.7148ms - 200
info: System.Net.Http.HttpClient.IFMPInterface.ClientHandler[101]
      Received HTTP response headers after 1339.585ms - 200
info: System.Net.Http.HttpClient.IFMPInterface.LogicalHandler[101]
      End processing HTTP request after 1339.6953ms - 200
info: Microsoft.EntityFrameworkCore.Database.Command[20101]
      Executed DbCommand (2ms) [Parameters=[@normalizedUserName='?' (Size = 256)], CommandType='Text', CommandTimeout='30']
      SELECT TOP(1) [a].[Id], [a].[AccessFailedCount], [a].[ConcurrencyStamp], [a].[Email], [a].[EmailConfirmed], [a].[LockoutEnabled], [a].[LockoutEnd], [a].[NormalizedEmail], [a].[NormalizedUserName], [a].[PasswordHash], [a].[PhoneNumber], [a].[PhoneNumberConfirmed], [a].[SecurityStamp], [a].[TwoFactorEnabled], [a].[UserName]
      FROM [AspNetUsers] AS [a]
      WHERE [a].[NormalizedUserName] = @normalizedUserName
info: Microsoft.EntityFrameworkCore.Database.Command[20101]
      Executed DbCommand (3ms) [Parameters=[@p='?' (DbType = Int32), @p1='?' (DbType = Int32)], CommandType='Text', CommandTimeout='30']
      SELECT [s0].[Id], [s0].[CompanyName], [s0].[Divided], [s0].[Industry], [s0].[LastDiv], [s0].[MarketCap], [s0].[Purchase], [s0].[Symbol], [s1].[Id], [s1].[AppUserId], [s1].[Content], [s1].[CreatedAt], [s1].[StockId], [s1].[Title], [s1].[Id0], [s1].[AccessFailedCount], [s1].[ConcurrencyStamp], [s1].[Email], [s1].[EmailConfirmed], [s1].[LockoutEnabled], [s1].[LockoutEnd], [s1].[NormalizedEmail], [s1].[NormalizedUserName], [s1].[PasswordHash], [s1].[PhoneNumber], [s1].[PhoneNumberConfirmed], [s1].[SecurityStamp], [s1].[TwoFactorEnabled], [s1].[UserName]
      FROM (
          SELECT [s].[Id], [s].[CompanyName], [s].[Divided], [s].[Industry], [s].[LastDiv], [s].[MarketCap], [s].[Purchase], [s].[Symbol]
          FROM [Stocks] AS [s]
          ORDER BY [s].[Symbol]
          OFFSET @p ROWS FETCH NEXT @p1 ROWS ONLY
      ) AS [s0]
      LEFT JOIN (
          SELECT [c].[Id], [c].[AppUserId], [c].[Content], [c].[CreatedAt], [c].[StockId], [c].[Title], [a].[Id] AS [Id0], [a].[AccessFailedCount], [a].[ConcurrencyStamp], [a].[Email], [a].[EmailConfirmed], [a].[LockoutEnabled], [a].[LockoutEnd], [a].[NormalizedEmail], [a].[NormalizedUserName], [a].[PasswordHash], [a].[PhoneNumber], [a].[PhoneNumberConfirmed], [a].[SecurityStamp], [a].[TwoFactorEnabled], [a].[UserName]
          FROM [Comments] AS [c]
          LEFT JOIN [AspNetUsers] AS [a] ON [c].[AppUserId] = [a].[Id]
      ) AS [s1] ON [s0].[Id] = [s1].[StockId]
      ORDER BY [s0].[Symbol], [s0].[Id], [s1].[Id]
info: Microsoft.EntityFrameworkCore.Database.Command[20101]
      Executed DbCommand (2ms) [Parameters=[@user_Id='?' (Size = 450)], CommandType='Text', CommandTimeout='30']
      SELECT [s].[Id], [s].[Symbol], [s].[CompanyName], [s].[Purchase], [s].[Divided], [s].[LastDiv], [s].[Industry], [s].[MarketCap]
      FROM [Portfolios] AS [p]
      INNER JOIN [Stocks] AS [s] ON [p].[StockId] = [s].[Id]
      WHERE [p].[AppUserId] = @user_Id
info: Microsoft.EntityFrameworkCore.Database.Command[20101]
      Executed DbCommand (3ms) [Parameters=[@normalizedUserName='?' (Size = 256)], CommandType='Text', CommandTimeout='30']
      SELECT TOP(1) [a].[Id], [a].[AccessFailedCount], [a].[ConcurrencyStamp], [a].[Email], [a].[EmailConfirmed], [a].[LockoutEnabled], [a].[LockoutEnd], [a].[NormalizedEmail], [a].[NormalizedUserName], [a].[PasswordHash], [a].[PhoneNumber], [a].[PhoneNumberConfirmed], [a].[SecurityStamp], [a].[TwoFactorEnabled], [a].[UserName]
      FROM [AspNetUsers] AS [a]
      WHERE [a].[NormalizedUserName] = @normalizedUserName
info: Microsoft.EntityFrameworkCore.Database.Command[20101]
      Executed DbCommand (24ms) [Parameters=[@p0='?' (Size = 450), @p1='?' (DbType = Int32), @p2='?' (Size = 4000), @p3='?' (Size = 256), @p4='?' (DbType = Boolean), @p5='?' (DbType = Boolean), @p6='?' (DbType = DateTimeOffset), @p7='?' (Size = 256), @p8='?' (Size = 256), @p9='?' (Size = 4000), @p10='?' (Size = 4000), @p11='?' (DbType = Boolean), @p12='?' (Size = 4000), @p13='?' (DbType = Boolean), @p14='?' (Size = 256)], CommandType='Text', CommandTimeout='30']
      SET IMPLICIT_TRANSACTIONS OFF;
      SET NOCOUNT ON;
      INSERT INTO [AspNetUsers] ([Id], [AccessFailedCount], [ConcurrencyStamp], [Email], [EmailConfirmed], [LockoutEnabled], [LockoutEnd], [NormalizedEmail], [NormalizedUserName], [PasswordHash], [PhoneNumber], [PhoneNumberConfirmed], [SecurityStamp], [TwoFactorEnabled], [UserName])
      VALUES (@p0, @p1, @p2, @p3, @p4, @p5, @p6, @p7, @p8, @p9, @p10, @p11, @p12, @p13, @p14);
info: Microsoft.EntityFrameworkCore.Database.Command[20101]
      Executed DbCommand (8ms) [Parameters=[@normalizedRoleName='?' (Size = 256)], CommandType='Text', CommandTimeout='30']
      SELECT TOP(2) [a].[Id], [a].[ConcurrencyStamp], [a].[Name], [a].[NormalizedName]
      FROM [AspNetRoles] AS [a]
      WHERE [a].[NormalizedName] = @normalizedRoleName
info: Microsoft.EntityFrameworkCore.Database.Command[20101]
      Executed DbCommand (8ms) [Parameters=[@p='?' (Size = 450), @p1='?' (Size = 450)], CommandType='Text', CommandTimeout='30']
      SELECT TOP(1) [a].[UserId], [a].[RoleId]
      FROM [AspNetUserRoles] AS [a]
      WHERE [a].[UserId] = @p AND [a].[RoleId] = @p1
info: Microsoft.EntityFrameworkCore.Database.Command[20101]
      Executed DbCommand (17ms) [Parameters=[@normalizedRoleName='?' (Size = 256)], CommandType='Text', CommandTimeout='30']
      SELECT TOP(2) [a].[Id], [a].[ConcurrencyStamp], [a].[Name], [a].[NormalizedName]
      FROM [AspNetRoles] AS [a]
      WHERE [a].[NormalizedName] = @normalizedRoleName
info: Microsoft.EntityFrameworkCore.Database.Command[20101]
      Executed DbCommand (11ms) [Parameters=[@normalizedUserName='?' (Size = 256)], CommandType='Text', CommandTimeout='30']
      SELECT TOP(1) [a].[Id], [a].[AccessFailedCount], [a].[ConcurrencyStamp], [a].[Email], [a].[EmailConfirmed], [a].[LockoutEnabled], [a].[LockoutEnd], [a].[NormalizedEmail], [a].[NormalizedUserName], [a].[PasswordHash], [a].[PhoneNumber], [a].[PhoneNumberConfirmed], [a].[SecurityStamp], [a].[TwoFactorEnabled], [a].[UserName]
      FROM [AspNetUsers] AS [a]
      WHERE [a].[NormalizedUserName] = @normalizedUserName
info: Microsoft.EntityFrameworkCore.Database.Command[20101]
      Executed DbCommand (23ms) [Parameters=[@p0='?' (Size = 450), @p1='?' (Size = 450), @p16='?' (Size = 450), @p2='?' (DbType = Int32), @p3='?' (Size = 4000), @p17='?' (Size = 4000), @p4='?' (Size = 256), @p5='?' (DbType = Boolean), @p6='?' (DbType = Boolean), @p7='?' (DbType = DateTimeOffset), @p8='?' (Size = 256), @p9='?' (Size = 256), @p10='?' (Size = 4000), @p11='?' (Size = 4000), @p12='?' (DbType = Boolean), @p13='?' (Size = 4000), @p14='?' (DbType = Boolean), @p15='?' (Size = 256)], CommandType='Text', CommandTimeout='30']
      SET NOCOUNT ON;
      INSERT INTO [AspNetUserRoles] ([RoleId], [UserId])
      VALUES (@p0, @p1);
      UPDATE [AspNetUsers] SET [AccessFailedCount] = @p2, [ConcurrencyStamp] = @p3, [Email] = @p4, [EmailConfirmed] = @p5, [LockoutEnabled] = @p6, [LockoutEnd] = @p7, [NormalizedEmail] = @p8, [NormalizedUserName] = @p9, [PasswordHash] = @p10, [PhoneNumber] = @p11, [PhoneNumberConfirmed] = @p12, [SecurityStamp] = @p13, [TwoFactorEnabled] = @p14, [UserName] = @p15
      OUTPUT 1
      WHERE [Id] = @p16 AND [ConcurrencyStamp] = @p17;
info: Microsoft.EntityFrameworkCore.Database.Command[20101]
      Executed DbCommand (7ms) [Parameters=[@normalizedUserName='?' (Size = 256)], CommandType='Text', CommandTimeout='30']
      SELECT TOP(1) [a].[Id], [a].[AccessFailedCount], [a].[ConcurrencyStamp], [a].[Email], [a].[EmailConfirmed], [a].[LockoutEnabled], [a].[LockoutEnd], [a].[NormalizedEmail], [a].[NormalizedUserName], [a].[PasswordHash], [a].[PhoneNumber], [a].[PhoneNumberConfirmed], [a].[SecurityStamp], [a].[TwoFactorEnabled], [a].[UserName]
      FROM [AspNetUsers] AS [a]
      WHERE [a].[NormalizedUserName] = @normalizedUserName
info: Microsoft.EntityFrameworkCore.Database.Command[20101]
      Executed DbCommand (12ms) [Parameters=[@p='?' (DbType = Int32), @p1='?' (DbType = Int32)], CommandType='Text', CommandTimeout='30']
      SELECT [s0].[Id], [s0].[CompanyName], [s0].[Divided], [s0].[Industry], [s0].[LastDiv], [s0].[MarketCap], [s0].[Purchase], [s0].[Symbol], [s1].[Id], [s1].[AppUserId], [s1].[Content], [s1].[CreatedAt], [s1].[StockId], [s1].[Title], [s1].[Id0], [s1].[AccessFailedCount], [s1].[ConcurrencyStamp], [s1].[Email], [s1].[EmailConfirmed], [s1].[LockoutEnabled], [s1].[LockoutEnd], [s1].[NormalizedEmail], [s1].[NormalizedUserName], [s1].[PasswordHash], [s1].[PhoneNumber], [s1].[PhoneNumberConfirmed], [s1].[SecurityStamp], [s1].[TwoFactorEnabled], [s1].[UserName]
      FROM (
          SELECT [s].[Id], [s].[CompanyName], [s].[Divided], [s].[Industry], [s].[LastDiv], [s].[MarketCap], [s].[Purchase], [s].[Symbol]
          FROM [Stocks] AS [s]
          ORDER BY [s].[Symbol]
          OFFSET @p ROWS FETCH NEXT @p1 ROWS ONLY
      ) AS [s0]
      LEFT JOIN (
          SELECT [c].[Id], [c].[AppUserId], [c].[Content], [c].[CreatedAt], [c].[StockId], [c].[Title], [a].[Id] AS [Id0], [a].[AccessFailedCount], [a].[ConcurrencyStamp], [a].[Email], [a].[EmailConfirmed], [a].[LockoutEnabled], [a].[LockoutEnd], [a].[NormalizedEmail], [a].[NormalizedUserName], [a].[PasswordHash], [a].[PhoneNumber], [a].[PhoneNumberConfirmed], [a].[SecurityStamp], [a].[TwoFactorEnabled], [a].[UserName]
          FROM [Comments] AS [c]
          LEFT JOIN [AspNetUsers] AS [a] ON [c].[AppUserId] = [a].[Id]
      ) AS [s1] ON [s0].[Id] = [s1].[StockId]
      ORDER BY [s0].[Symbol], [s0].[Id], [s1].[Id]
info: Microsoft.EntityFrameworkCore.Database.Command[20101]
      Executed DbCommand (5ms) [Parameters=[@user_Id='?' (Size = 450)], CommandType='Text', CommandTimeout='30']
      SELECT [s].[Id], [s].[Symbol], [s].[CompanyName], [s].[Purchase], [s].[Divided], [s].[LastDiv], [s].[Industry], [s].[MarketCap]
      FROM [Portfolios] AS [p]
      INNER JOIN [Stocks] AS [s] ON [p].[StockId] = [s].[Id]
      WHERE [p].[AppUserId] = @user_Id
info: Microsoft.EntityFrameworkCore.Database.Command[20101]
      Executed DbCommand (4ms) [Parameters=[@normalizedUserName='?' (Size = 256)], CommandType='Text', CommandTimeout='30']
      SELECT TOP(1) [a].[Id], [a].[AccessFailedCount], [a].[ConcurrencyStamp], [a].[Email], [a].[EmailConfirmed], [a].[LockoutEnabled], [a].[LockoutEnd], [a].[NormalizedEmail], [a].[NormalizedUserName], [a].[PasswordHash], [a].[PhoneNumber], [a].[PhoneNumberConfirmed], [a].[SecurityStamp], [a].[TwoFactorEnabled], [a].[UserName]
      FROM [AspNetUsers] AS [a]
      WHERE [a].[NormalizedUserName] = @normalizedUserName
info: Microsoft.EntityFrameworkCore.Database.Command[20101]
      Executed DbCommand (7ms) [Parameters=[@user_Id='?' (Size = 450)], CommandType='Text', CommandTimeout='30']
      SELECT [s].[Id], [s].[Symbol], [s].[CompanyName], [s].[Purchase], [s].[Divided], [s].[LastDiv], [s].[Industry], [s].[MarketCap]
      FROM [Portfolios] AS [p]
      INNER JOIN [Stocks] AS [s] ON [p].[StockId] = [s].[Id]
      WHERE [p].[AppUserId] = @user_Id
info: Microsoft.EntityFrameworkCore.Database.Command[20101]
      Executed DbCommand (5ms) [Parameters=[@p='?' (DbType = Int32), @p1='?' (DbType = Int32)], CommandType='Text', CommandTimeout='30']
      SELECT [s0].[Id], [s0].[CompanyName], [s0].[Divided], [s0].[Industry], [s0].[LastDiv], [s0].[MarketCap], [s0].[Purchase], [s0].[Symbol], [s1].[Id], [s1].[AppUserId], [s1].[Content], [s1].[CreatedAt], [s1].[StockId], [s1].[Title], [s1].[Id0], [s1].[AccessFailedCount], [s1].[ConcurrencyStamp], [s1].[Email], [s1].[EmailConfirmed], [s1].[LockoutEnabled], [s1].[LockoutEnd], [s1].[NormalizedEmail], [s1].[NormalizedUserName], [s1].[PasswordHash], [s1].[PhoneNumber], [s1].[PhoneNumberConfirmed], [s1].[SecurityStamp], [s1].[TwoFactorEnabled], [s1].[UserName]
      FROM (
          SELECT [s].[Id], [s].[CompanyName], [s].[Divided], [s].[Industry], [s].[LastDiv], [s].[MarketCap], [s].[Purchase], [s].[Symbol]
          FROM [Stocks] AS [s]
          ORDER BY [s].[Symbol]
          OFFSET @p ROWS FETCH NEXT @p1 ROWS ONLY
      ) AS [s0]
      LEFT JOIN (
          SELECT [c].[Id], [c].[AppUserId], [c].[Content], [c].[CreatedAt], [c].[StockId], [c].[Title], [a].[Id] AS [Id0], [a].[AccessFailedCount], [a].[ConcurrencyStamp], [a].[Email], [a].[EmailConfirmed], [a].[LockoutEnabled], [a].[LockoutEnd], [a].[NormalizedEmail], [a].[NormalizedUserName], [a].[PasswordHash], [a].[PhoneNumber], [a].[PhoneNumberConfirmed], [a].[SecurityStamp], [a].[TwoFactorEnabled], [a].[UserName]
          FROM [Comments] AS [c]
          LEFT JOIN [AspNetUsers] AS [a] ON [c].[AppUserId] = [a].[Id]
      ) AS [s1] ON [s0].[Id] = [s1].[StockId]
      ORDER BY [s0].[Symbol], [s0].[Id], [s1].[Id]
info: System.Net.Http.HttpClient.IFMPInterface.LogicalHandler[100]
      Start processing HTTP request GET https://financialmodelingprep.com/stable/quote?*
info: System.Net.Http.HttpClient.IFMPInterface.ClientHandler[100]
      Sending HTTP request GET https://financialmodelingprep.com/stable/quote?*
info: System.Net.Http.HttpClient.IFMPInterface.LogicalHandler[100]
      Start processing HTTP request GET https://financialmodelingprep.com/stable/quote?*
info: System.Net.Http.HttpClient.IFMPInterface.ClientHandler[100]
      Sending HTTP request GET https://financialmodelingprep.com/stable/quote?*
info: System.Net.Http.HttpClient.IFMPInterface.LogicalHandler[100]
      Start processing HTTP request GET https://financialmodelingprep.com/stable/quote?*
info: System.Net.Http.HttpClient.IFMPInterface.ClientHandler[100]
      Sending HTTP request GET https://financialmodelingprep.com/stable/quote?*
info: System.Net.Http.HttpClient.IFMPInterface.ClientHandler[101]
      Received HTTP response headers after 1025.3945ms - 200
info: System.Net.Http.HttpClient.IFMPInterface.LogicalHandler[101]
      End processing HTTP request after 1025.5422ms - 200
info: System.Net.Http.HttpClient.IFMPInterface.ClientHandler[101]
      Received HTTP response headers after 1048.2052ms - 200
info: System.Net.Http.HttpClient.IFMPInterface.LogicalHandler[101]
      End processing HTTP request after 1048.3486ms - 200
info: System.Net.Http.HttpClient.IFMPInterface.ClientHandler[101]
      Received HTTP response headers after 1048.0929ms - 200
info: System.Net.Http.HttpClient.IFMPInterface.LogicalHandler[101]
      End processing HTTP request after 1048.1741ms - 200
info: Microsoft.EntityFrameworkCore.Database.Command[20101]
      Executed DbCommand (2ms) [Parameters=[@normalizedUserName='?' (Size = 256)], CommandType='Text', CommandTimeout='30']
      SELECT TOP(1) [a].[Id], [a].[AccessFailedCount], [a].[ConcurrencyStamp], [a].[Email], [a].[EmailConfirmed], [a].[LockoutEnabled], [a].[LockoutEnd], [a].[NormalizedEmail], [a].[NormalizedUserName], [a].[PasswordHash], [a].[PhoneNumber], [a].[PhoneNumberConfirmed], [a].[SecurityStamp], [a].[TwoFactorEnabled], [a].[UserName]
      FROM [AspNetUsers] AS [a]
      WHERE [a].[NormalizedUserName] = @normalizedUserName
info: Microsoft.EntityFrameworkCore.Database.Command[20101]
      Executed DbCommand (4ms) [Parameters=[@user_Id='?' (Size = 450)], CommandType='Text', CommandTimeout='30']
      SELECT [s].[Id], [s].[Symbol], [s].[CompanyName], [s].[Purchase], [s].[Divided], [s].[LastDiv], [s].[Industry], [s].[MarketCap]
      FROM [Portfolios] AS [p]
      INNER JOIN [Stocks] AS [s] ON [p].[StockId] = [s].[Id]
      WHERE [p].[AppUserId] = @user_Id
info: Microsoft.EntityFrameworkCore.Database.Command[20101]
      Executed DbCommand (4ms) [Parameters=[@p='?' (DbType = Int32), @p1='?' (DbType = Int32)], CommandType='Text', CommandTimeout='30']
      SELECT [s0].[Id], [s0].[CompanyName], [s0].[Divided], [s0].[Industry], [s0].[LastDiv], [s0].[MarketCap], [s0].[Purchase], [s0].[Symbol], [s1].[Id], [s1].[AppUserId], [s1].[Content], [s1].[CreatedAt], [s1].[StockId], [s1].[Title], [s1].[Id0], [s1].[AccessFailedCount], [s1].[ConcurrencyStamp], [s1].[Email], [s1].[EmailConfirmed], [s1].[LockoutEnabled], [s1].[LockoutEnd], [s1].[NormalizedEmail], [s1].[NormalizedUserName], [s1].[PasswordHash], [s1].[PhoneNumber], [s1].[PhoneNumberConfirmed], [s1].[SecurityStamp], [s1].[TwoFactorEnabled], [s1].[UserName]
      FROM (
          SELECT [s].[Id], [s].[CompanyName], [s].[Divided], [s].[Industry], [s].[LastDiv], [s].[MarketCap], [s].[Purchase], [s].[Symbol]
          FROM [Stocks] AS [s]
          ORDER BY [s].[Symbol]
          OFFSET @p ROWS FETCH NEXT @p1 ROWS ONLY
      ) AS [s0]
      LEFT JOIN (
          SELECT [c].[Id], [c].[AppUserId], [c].[Content], [c].[CreatedAt], [c].[StockId], [c].[Title], [a].[Id] AS [Id0], [a].[AccessFailedCount], [a].[ConcurrencyStamp], [a].[Email], [a].[EmailConfirmed], [a].[LockoutEnabled], [a].[LockoutEnd], [a].[NormalizedEmail], [a].[NormalizedUserName], [a].[PasswordHash], [a].[PhoneNumber], [a].[PhoneNumberConfirmed], [a].[SecurityStamp], [a].[TwoFactorEnabled], [a].[UserName]
          FROM [Comments] AS [c]
          LEFT JOIN [AspNetUsers] AS [a] ON [c].[AppUserId] = [a].[Id]
      ) AS [s1] ON [s0].[Id] = [s1].[StockId]
      ORDER BY [s0].[Symbol], [s0].[Id], [s1].[Id]
info: System.Net.Http.HttpClient.IFMPInterface.LogicalHandler[100]
      Start processing HTTP request GET https://financialmodelingprep.com/stable/quote?*
info: System.Net.Http.HttpClient.IFMPInterface.ClientHandler[100]
      Sending HTTP request GET https://financialmodelingprep.com/stable/quote?*
info: System.Net.Http.HttpClient.IFMPInterface.LogicalHandler[100]
      Start processing HTTP request GET https://financialmodelingprep.com/stable/quote?*
info: System.Net.Http.HttpClient.IFMPInterface.ClientHandler[100]
      Sending HTTP request GET https://financialmodelingprep.com/stable/quote?*
info: System.Net.Http.HttpClient.IFMPInterface.LogicalHandler[100]
      Start processing HTTP request GET https://financialmodelingprep.com/stable/quote?*
info: System.Net.Http.HttpClient.IFMPInterface.ClientHandler[100]
      Sending HTTP request GET https://financialmodelingprep.com/stable/quote?*
info: Microsoft.EntityFrameworkCore.Database.Command[20101]
      Executed DbCommand (25ms) [Parameters=[@p='?' (DbType = Int32), @p1='?' (DbType = Int32)], CommandType='Text', CommandTimeout='30']
      SELECT [s0].[Id], [s0].[CompanyName], [s0].[Divided], [s0].[Industry], [s0].[LastDiv], [s0].[MarketCap], [s0].[Purchase], [s0].[Symbol], [s1].[Id], [s1].[AppUserId], [s1].[Content], [s1].[CreatedAt], [s1].[StockId], [s1].[Title], [s1].[Id0], [s1].[AccessFailedCount], [s1].[ConcurrencyStamp], [s1].[Email], [s1].[EmailConfirmed], [s1].[LockoutEnabled], [s1].[LockoutEnd], [s1].[NormalizedEmail], [s1].[NormalizedUserName], [s1].[PasswordHash], [s1].[PhoneNumber], [s1].[PhoneNumberConfirmed], [s1].[SecurityStamp], [s1].[TwoFactorEnabled], [s1].[UserName]
      FROM (
          SELECT [s].[Id], [s].[CompanyName], [s].[Divided], [s].[Industry], [s].[LastDiv], [s].[MarketCap], [s].[Purchase], [s].[Symbol]
          FROM [Stocks] AS [s]
          ORDER BY [s].[Symbol]
          OFFSET @p ROWS FETCH NEXT @p1 ROWS ONLY
      ) AS [s0]
      LEFT JOIN (
          SELECT [c].[Id], [c].[AppUserId], [c].[Content], [c].[CreatedAt], [c].[StockId], [c].[Title], [a].[Id] AS [Id0], [a].[AccessFailedCount], [a].[ConcurrencyStamp], [a].[Email], [a].[EmailConfirmed], [a].[LockoutEnabled], [a].[LockoutEnd], [a].[NormalizedEmail], [a].[NormalizedUserName], [a].[PasswordHash], [a].[PhoneNumber], [a].[PhoneNumberConfirmed], [a].[SecurityStamp], [a].[TwoFactorEnabled], [a].[UserName]
          FROM [Comments] AS [c]
          LEFT JOIN [AspNetUsers] AS [a] ON [c].[AppUserId] = [a].[Id]
      ) AS [s1] ON [s0].[Id] = [s1].[StockId]
      ORDER BY [s0].[Symbol], [s0].[Id], [s1].[Id]
info: Microsoft.EntityFrameworkCore.Database.Command[20101]
      Executed DbCommand (25ms) [Parameters=[@normalizedUserName='?' (Size = 256)], CommandType='Text', CommandTimeout='30']
      SELECT TOP(1) [a].[Id], [a].[AccessFailedCount], [a].[ConcurrencyStamp], [a].[Email], [a].[EmailConfirmed], [a].[LockoutEnabled], [a].[LockoutEnd], [a].[NormalizedEmail], [a].[NormalizedUserName], [a].[PasswordHash], [a].[PhoneNumber], [a].[PhoneNumberConfirmed], [a].[SecurityStamp], [a].[TwoFactorEnabled], [a].[UserName]
      FROM [AspNetUsers] AS [a]
      WHERE [a].[NormalizedUserName] = @normalizedUserName
info: Microsoft.EntityFrameworkCore.Database.Command[20101]
      Executed DbCommand (5ms) [Parameters=[@user_Id='?' (Size = 450)], CommandType='Text', CommandTimeout='30']
      SELECT [s].[Id], [s].[Symbol], [s].[CompanyName], [s].[Purchase], [s].[Divided], [s].[LastDiv], [s].[Industry], [s].[MarketCap]
      FROM [Portfolios] AS [p]
      INNER JOIN [Stocks] AS [s] ON [p].[StockId] = [s].[Id]
      WHERE [p].[AppUserId] = @user_Id
info: System.Net.Http.HttpClient.IFMPInterface.LogicalHandler[100]
      Start processing HTTP request GET https://financialmodelingprep.com/stable/quote?*
info: System.Net.Http.HttpClient.IFMPInterface.ClientHandler[100]
      Sending HTTP request GET https://financialmodelingprep.com/stable/quote?*
info: System.Net.Http.HttpClient.IFMPInterface.LogicalHandler[100]
      Start processing HTTP request GET https://financialmodelingprep.com/stable/quote?*
info: System.Net.Http.HttpClient.IFMPInterface.ClientHandler[100]
      Sending HTTP request GET https://financialmodelingprep.com/stable/quote?*
info: System.Net.Http.HttpClient.IFMPInterface.LogicalHandler[100]
      Start processing HTTP request GET https://financialmodelingprep.com/stable/quote?*
info: System.Net.Http.HttpClient.IFMPInterface.ClientHandler[100]
      Sending HTTP request GET https://financialmodelingprep.com/stable/quote?*
info: System.Net.Http.HttpClient.IFMPInterface.ClientHandler[101]
      Received HTTP response headers after 1338.8142ms - 200
info: System.Net.Http.HttpClient.IFMPInterface.ClientHandler[101]
      Received HTTP response headers after 1338.5405ms - 200
info: System.Net.Http.HttpClient.IFMPInterface.ClientHandler[101]
      Received HTTP response headers after 1338.637ms - 200
info: System.Net.Http.HttpClient.IFMPInterface.LogicalHandler[101]
      End processing HTTP request after 1339.0528ms - 200
info: System.Net.Http.HttpClient.IFMPInterface.LogicalHandler[101]
      End processing HTTP request after 1338.6236ms - 200
info: System.Net.Http.HttpClient.IFMPInterface.LogicalHandler[101]
      End processing HTTP request after 1338.7353ms - 200
info: System.Net.Http.HttpClient.IFMPInterface.ClientHandler[101]
      Received HTTP response headers after 1281.2072ms - 200
info: System.Net.Http.HttpClient.IFMPInterface.LogicalHandler[101]
      End processing HTTP request after 1281.3439ms - 200
info: System.Net.Http.HttpClient.IFMPInterface.ClientHandler[101]
      Received HTTP response headers after 1280.7614ms - 200
info: System.Net.Http.HttpClient.IFMPInterface.LogicalHandler[101]
      End processing HTTP request after 1280.8241ms - 200
info: System.Net.Http.HttpClient.IFMPInterface.ClientHandler[101]
      Received HTTP response headers after 1292.9591ms - 200
info: System.Net.Http.HttpClient.IFMPInterface.LogicalHandler[101]
      End processing HTTP request after 1293.0523ms - 200
info: Microsoft.EntityFrameworkCore.Database.Command[20101]
      Executed DbCommand (174ms) [Parameters=[@stockId='?' (DbType = Int32)], CommandType='Text', CommandTimeout='30']
      SELECT [c].[Id], [c].[StockId], [c].[Title], [c].[Content], [c].[CreatedAt], [a].[UserName] AS [CreatedBy]
      FROM [Comments] AS [c]
      LEFT JOIN [AspNetUsers] AS [a] ON [c].[AppUserId] = [a].[Id]
      WHERE [c].[StockId] = @stockId
info: Microsoft.EntityFrameworkCore.Database.Command[20101]
      Executed DbCommand (7ms) [Parameters=[@stockId='?' (DbType = Int32)], CommandType='Text', CommandTimeout='30']
      SELECT [c].[Id], [c].[StockId], [c].[Title], [c].[Content], [c].[CreatedAt], [a].[UserName] AS [CreatedBy]
      FROM [Comments] AS [c]
      LEFT JOIN [AspNetUsers] AS [a] ON [c].[AppUserId] = [a].[Id]
      WHERE [c].[StockId] = @stockId
