Using launch settings from C:\Users\hp\Documents\work\mine\ASP.net\donet-api\StockReview\StockReview\Properties\launchSettings.json...
info: Microsoft.Hosting.Lifetime[14]
      Now listening on: http://localhost:5276
info: Microsoft.Hosting.Lifetime[0]
      Application started. Press Ctrl+C to shut down.
info: Microsoft.Hosting.Lifetime[0]
      Hosting environment: Development
info: Microsoft.Hosting.Lifetime[0]
      Content root path: C:\Users\hp\Documents\work\mine\ASP.net\donet-api\StockReview\StockReview
warn: Microsoft.AspNetCore.HttpsPolicy.HttpsRedirectionMiddleware[3]
      Failed to determine the https port for redirect.
info: Microsoft.EntityFrameworkCore.Database.Command[20101]
      Executed DbCommand (67ms) [Parameters=[@normalizedUserName='?' (Size = 256)], CommandType='Text', CommandTimeout='30']
      SELECT TOP(1) [a].[Id], [a].[AccessFailedCount], [a].[ConcurrencyStamp], [a].[Email], [a].[EmailConfirmed], [a].[LockoutEnabled], [a].[LockoutEnd], [a].[NormalizedEmail], [a].[NormalizedUserName], [a].[PasswordHash], [a].[PhoneNumber], [a].[PhoneNumberConfirmed], [a].[SecurityStamp], [a].[TwoFactorEnabled], [a].[UserName]
      FROM [AspNetUsers] AS [a]
      WHERE [a].[NormalizedUserName] = @normalizedUserName
info: Microsoft.EntityFrameworkCore.Database.Command[20101]
      Executed DbCommand (67ms) [Parameters=[@p='?' (DbType = Int32), @p1='?' (DbType = Int32)], CommandType='Text', CommandTimeout='30']
      SELECT [s0].[Id], [s0].[CompanyName], [s0].[Divided], [s0].[Industry], [s0].[LastDiv], [s0].[MarketCap], [s0].[Purchase], [s0].[Symbol], [s1].[Id], [s1].[AppUserId], [s1].[Content], [s1].[CreatedAt], [s1].[StockId], [s1].[Title], [s1].[Id0], [s1].[AccessFailedCount], [s1].[ConcurrencyStamp], [s1].[Email], [s1].[EmailConfirmed], [s1].[LockoutEnabled], [s1].[LockoutEnd], [s1].[NormalizedEmail], [s1].[NormalizedUserName], [s1].[PasswordHash], [s1].[PhoneNumber], [s1].[PhoneNumberConfirmed], [s1].[SecurityStamp], [s1].[TwoFactorEnabled], [s1].[UserName]
      FROM (
          SELECT [s].[Id], [s].[CompanyName], [s].[Divided], [s].[Industry], [s].[LastDiv], [s].[MarketCap], [s].[Purchase], [s].[Symbol]
          FROM [Stocks] AS [s]
          ORDER BY [s].[Symbol]
          OFFSET @p ROWS FETCH NEXT @p1 ROWS ONLY
      ) AS [s0]
      LEFT JOIN (
          SELECT [c].[Id], [c].[AppUserId], [c].[Content], [c].[CreatedAt], [c].[StockId], [c].[Title], [a].[Id] AS [Id0], [a].[AccessFailedCount], [a].[ConcurrencyStamp], [a].[Email], [a].[EmailConfirmed], [a].[LockoutEnabled], [a].[LockoutEnd], [a].[NormalizedEmail], [a].[NormalizedUserName], [a].[PasswordHash], [a].[PhoneNumber], [a].[PhoneNumberConfirmed], [a].[SecurityStamp], [a].[TwoFactorEnabled], [a].[UserName]
          FROM [Comments] AS [c]
          LEFT JOIN [AspNetUsers] AS [a] ON [c].[AppUserId] = [a].[Id]
      ) AS [s1] ON [s0].[Id] = [s1].[StockId]
      ORDER BY [s0].[Symbol], [s0].[Id], [s1].[Id]
info: Microsoft.EntityFrameworkCore.Database.Command[20101]
      Executed DbCommand (5ms) [Parameters=[@user_Id='?' (Size = 450)], CommandType='Text', CommandTimeout='30']
      SELECT [s].[Id], [s].[Symbol], [s].[CompanyName], [s].[Purchase], [s].[Divided], [s].[LastDiv], [s].[Industry], [s].[MarketCap]
      FROM [Portfolios] AS [p]
      INNER JOIN [Stocks] AS [s] ON [p].[StockId] = [s].[Id]
      WHERE [p].[AppUserId] = @user_Id
info: System.Net.Http.HttpClient.IFMPInterface.LogicalHandler[100]
      Start processing HTTP request GET https://financialmodelingprep.com/stable/quote?*
info: System.Net.Http.HttpClient.IFMPInterface.ClientHandler[100]
      Sending HTTP request GET https://financialmodelingprep.com/stable/quote?*
info: System.Net.Http.HttpClient.IFMPInterface.LogicalHandler[100]
      Start processing HTTP request GET https://financialmodelingprep.com/stable/quote?*
info: System.Net.Http.HttpClient.IFMPInterface.ClientHandler[100]
      Sending HTTP request GET https://financialmodelingprep.com/stable/quote?*
info: System.Net.Http.HttpClient.IFMPInterface.LogicalHandler[100]
      Start processing HTTP request GET https://financialmodelingprep.com/stable/quote?*
info: System.Net.Http.HttpClient.IFMPInterface.ClientHandler[100]
      Sending HTTP request GET https://financialmodelingprep.com/stable/quote?*
info: System.Net.Http.HttpClient.IFMPInterface.LogicalHandler[100]
      Start processing HTTP request GET https://financialmodelingprep.com/stable/quote?*
info: System.Net.Http.HttpClient.IFMPInterface.ClientHandler[100]
      Sending HTTP request GET https://financialmodelingprep.com/stable/quote?*
info: System.Net.Http.HttpClient.IFMPInterface.LogicalHandler[100]
      Start processing HTTP request GET https://financialmodelingprep.com/stable/quote?*
info: System.Net.Http.HttpClient.IFMPInterface.ClientHandler[100]
      Sending HTTP request GET https://financialmodelingprep.com/stable/quote?*
info: System.Net.Http.HttpClient.IFMPInterface.LogicalHandler[100]
      Start processing HTTP request GET https://financialmodelingprep.com/stable/quote?*
info: System.Net.Http.HttpClient.IFMPInterface.ClientHandler[100]
      Sending HTTP request GET https://financialmodelingprep.com/stable/quote?*
info: System.Net.Http.HttpClient.IFMPInterface.LogicalHandler[100]
      Start processing HTTP request GET https://financialmodelingprep.com/stable/quote?*
info: System.Net.Http.HttpClient.IFMPInterface.ClientHandler[100]
      Sending HTTP request GET https://financialmodelingprep.com/stable/quote?*
info: System.Net.Http.HttpClient.IFMPInterface.ClientHandler[101]
      Received HTTP response headers after 1545.2194ms - 200
info: System.Net.Http.HttpClient.IFMPInterface.ClientHandler[101]
      Received HTTP response headers after 1545.9564ms - 200
info: System.Net.Http.HttpClient.IFMPInterface.LogicalHandler[101]
      End processing HTTP request after 1567.1865ms - 200
info: System.Net.Http.HttpClient.IFMPInterface.LogicalHandler[101]
      End processing HTTP request after 1566.4286ms - 200
info: System.Net.Http.HttpClient.IFMPInterface.ClientHandler[101]
      Received HTTP response headers after 1926.1952ms - 200
info: System.Net.Http.HttpClient.IFMPInterface.LogicalHandler[101]
      End processing HTTP request after 1926.3535ms - 200
info: System.Net.Http.HttpClient.IFMPInterface.ClientHandler[101]
      Received HTTP response headers after 1926.0585ms - 402
info: System.Net.Http.HttpClient.IFMPInterface.LogicalHandler[101]
      End processing HTTP request after 1926.2875ms - 402
info: System.Net.Http.HttpClient.IFMPInterface.ClientHandler[101]
      Received HTTP response headers after 2271.3677ms - 200
info: System.Net.Http.HttpClient.IFMPInterface.ClientHandler[101]
      Received HTTP response headers after 2278.0078ms - 200
info: System.Net.Http.HttpClient.IFMPInterface.ClientHandler[101]
      Received HTTP response headers after 2271.6328ms - 200
info: System.Net.Http.HttpClient.IFMPInterface.LogicalHandler[101]
      End processing HTTP request after 2285.3029ms - 200
info: System.Net.Http.HttpClient.IFMPInterface.LogicalHandler[101]
      End processing HTTP request after 2271.8877ms - 200
info: System.Net.Http.HttpClient.IFMPInterface.LogicalHandler[101]
      End processing HTTP request after 2271.4735ms - 200
info: Microsoft.EntityFrameworkCore.Database.Command[20101]
      Executed DbCommand (6ms) [Parameters=[@normalizedUserName='?' (Size = 256)], CommandType='Text', CommandTimeout='30']
      SELECT TOP(1) [a].[Id], [a].[AccessFailedCount], [a].[ConcurrencyStamp], [a].[Email], [a].[EmailConfirmed], [a].[LockoutEnabled], [a].[LockoutEnd], [a].[NormalizedEmail], [a].[NormalizedUserName], [a].[PasswordHash], [a].[PhoneNumber], [a].[PhoneNumberConfirmed], [a].[SecurityStamp], [a].[TwoFactorEnabled], [a].[UserName]
      FROM [AspNetUsers] AS [a]
      WHERE [a].[NormalizedUserName] = @normalizedUserName
info: Microsoft.EntityFrameworkCore.Database.Command[20101]
      Executed DbCommand (6ms) [Parameters=[@p='?' (DbType = Int32), @p1='?' (DbType = Int32)], CommandType='Text', CommandTimeout='30']
      SELECT [s0].[Id], [s0].[CompanyName], [s0].[Divided], [s0].[Industry], [s0].[LastDiv], [s0].[MarketCap], [s0].[Purchase], [s0].[Symbol], [s1].[Id], [s1].[AppUserId], [s1].[Content], [s1].[CreatedAt], [s1].[StockId], [s1].[Title], [s1].[Id0], [s1].[AccessFailedCount], [s1].[ConcurrencyStamp], [s1].[Email], [s1].[EmailConfirmed], [s1].[LockoutEnabled], [s1].[LockoutEnd], [s1].[NormalizedEmail], [s1].[NormalizedUserName], [s1].[PasswordHash], [s1].[PhoneNumber], [s1].[PhoneNumberConfirmed], [s1].[SecurityStamp], [s1].[TwoFactorEnabled], [s1].[UserName]
      FROM (
          SELECT [s].[Id], [s].[CompanyName], [s].[Divided], [s].[Industry], [s].[LastDiv], [s].[MarketCap], [s].[Purchase], [s].[Symbol]
          FROM [Stocks] AS [s]
          ORDER BY [s].[Symbol]
          OFFSET @p ROWS FETCH NEXT @p1 ROWS ONLY
      ) AS [s0]
      LEFT JOIN (
          SELECT [c].[Id], [c].[AppUserId], [c].[Content], [c].[CreatedAt], [c].[StockId], [c].[Title], [a].[Id] AS [Id0], [a].[AccessFailedCount], [a].[ConcurrencyStamp], [a].[Email], [a].[EmailConfirmed], [a].[LockoutEnabled], [a].[LockoutEnd], [a].[NormalizedEmail], [a].[NormalizedUserName], [a].[PasswordHash], [a].[PhoneNumber], [a].[PhoneNumberConfirmed], [a].[SecurityStamp], [a].[TwoFactorEnabled], [a].[UserName]
          FROM [Comments] AS [c]
          LEFT JOIN [AspNetUsers] AS [a] ON [c].[AppUserId] = [a].[Id]
      ) AS [s1] ON [s0].[Id] = [s1].[StockId]
      ORDER BY [s0].[Symbol], [s0].[Id], [s1].[Id]
info: Microsoft.EntityFrameworkCore.Database.Command[20101]
      Executed DbCommand (3ms) [Parameters=[@user_Id='?' (Size = 450)], CommandType='Text', CommandTimeout='30']
      SELECT [s].[Id], [s].[Symbol], [s].[CompanyName], [s].[Purchase], [s].[Divided], [s].[LastDiv], [s].[Industry], [s].[MarketCap]
      FROM [Portfolios] AS [p]
      INNER JOIN [Stocks] AS [s] ON [p].[StockId] = [s].[Id]
      WHERE [p].[AppUserId] = @user_Id
info: System.Net.Http.HttpClient.IFMPInterface.LogicalHandler[100]
      Start processing HTTP request GET https://financialmodelingprep.com/stable/quote?*
info: System.Net.Http.HttpClient.IFMPInterface.ClientHandler[100]
      Sending HTTP request GET https://financialmodelingprep.com/stable/quote?*
info: System.Net.Http.HttpClient.IFMPInterface.ClientHandler[101]
      Received HTTP response headers after 1030.3942ms - 402
info: System.Net.Http.HttpClient.IFMPInterface.LogicalHandler[101]
      End processing HTTP request after 1030.5616ms - 402
info: Microsoft.EntityFrameworkCore.Database.Command[20101]
      Executed DbCommand (35ms) [Parameters=[@symbol_contains='?' (Size = 4000), @companyName_contains='?' (Size = 4000), @p='?' (DbType = Int32), @p3='?' (DbType = Int32)], CommandType='Text', CommandTimeout='30']
      SELECT [s0].[Id], [s0].[CompanyName], [s0].[Divided], [s0].[Industry], [s0].[LastDiv], [s0].[MarketCap], [s0].[Purchase], [s0].[Symbol], [s1].[Id], [s1].[AppUserId], [s1].[Content], [s1].[CreatedAt], [s1].[StockId], [s1].[Title], [s1].[Id0], [s1].[AccessFailedCount], [s1].[ConcurrencyStamp], [s1].[Email], [s1].[EmailConfirmed], [s1].[LockoutEnabled], [s1].[LockoutEnd], [s1].[NormalizedEmail], [s1].[NormalizedUserName], [s1].[PasswordHash], [s1].[PhoneNumber], [s1].[PhoneNumberConfirmed], [s1].[SecurityStamp], [s1].[TwoFactorEnabled], [s1].[UserName]
      FROM (
          SELECT [s].[Id], [s].[CompanyName], [s].[Divided], [s].[Industry], [s].[LastDiv], [s].[MarketCap], [s].[Purchase], [s].[Symbol]
          FROM [Stocks] AS [s]
          WHERE ([s].[Symbol] IS NOT NULL AND [s].[Symbol] LIKE @symbol_contains ESCAPE N'\') OR ([s].[CompanyName] IS NOT NULL AND [s].[CompanyName] LIKE @companyName_contains ESCAPE N'\')
          ORDER BY [s].[Symbol]
          OFFSET @p ROWS FETCH NEXT @p3 ROWS ONLY
      ) AS [s0]
      LEFT JOIN (
          SELECT [c].[Id], [c].[AppUserId], [c].[Content], [c].[CreatedAt], [c].[StockId], [c].[Title], [a].[Id] AS [Id0], [a].[AccessFailedCount], [a].[ConcurrencyStamp], [a].[Email], [a].[EmailConfirmed], [a].[LockoutEnabled], [a].[LockoutEnd], [a].[NormalizedEmail], [a].[NormalizedUserName], [a].[PasswordHash], [a].[PhoneNumber], [a].[PhoneNumberConfirmed], [a].[SecurityStamp], [a].[TwoFactorEnabled], [a].[UserName]
          FROM [Comments] AS [c]
          LEFT JOIN [AspNetUsers] AS [a] ON [c].[AppUserId] = [a].[Id]
      ) AS [s1] ON [s0].[Id] = [s1].[StockId]
      ORDER BY [s0].[Symbol], [s0].[Id], [s1].[Id]
info: Microsoft.EntityFrameworkCore.Database.Command[20101]
      Executed DbCommand (2ms) [Parameters=[@symbol='?' (Size = 4000)], CommandType='Text', CommandTimeout='30']
      SELECT TOP(1) [s].[Id], [s].[CompanyName], [s].[Divided], [s].[Industry], [s].[LastDiv], [s].[MarketCap], [s].[Purchase], [s].[Symbol]
      FROM [Stocks] AS [s]
      WHERE [s].[Symbol] = @symbol
info: System.Net.Http.HttpClient.IFMPInterface.LogicalHandler[100]
      Start processing HTTP request GET https://financialmodelingprep.com/stable/quote?*
info: System.Net.Http.HttpClient.IFMPInterface.ClientHandler[100]
      Sending HTTP request GET https://financialmodelingprep.com/stable/quote?*
info: System.Net.Http.HttpClient.IFMPInterface.ClientHandler[101]
      Received HTTP response headers after 1433.8254ms - 402
info: System.Net.Http.HttpClient.IFMPInterface.LogicalHandler[101]
      End processing HTTP request after 1433.9208ms - 402
warn: Microsoft.EntityFrameworkCore.Query[10102]
      The query uses a row limiting operator ('Skip'/'Take') without an 'OrderBy' operator. This may lead to unpredictable results. If the 'Distinct' operator is used after 'OrderBy', then make sure to use the 'OrderBy' operator after 'Distinct' as the ordering would otherwise get erased.
warn: Microsoft.EntityFrameworkCore.Query[10102]
      The query uses a row limiting operator ('Skip'/'Take') without an 'OrderBy' operator. This may lead to unpredictable results. If the 'Distinct' operator is used after 'OrderBy', then make sure to use the 'OrderBy' operator after 'Distinct' as the ordering would otherwise get erased.
info: Microsoft.EntityFrameworkCore.Database.Command[20101]
      Executed DbCommand (19ms) [Parameters=[@symbol_contains='?' (Size = 4000), @p='?' (DbType = Int32), @p2='?' (DbType = Int32)], CommandType='Text', CommandTimeout='30']
      SELECT [s0].[Id], [s0].[CompanyName], [s0].[Divided], [s0].[Industry], [s0].[LastDiv], [s0].[MarketCap], [s0].[Purchase], [s0].[Symbol], [s1].[Id], [s1].[AppUserId], [s1].[Content], [s1].[CreatedAt], [s1].[StockId], [s1].[Title], [s1].[Id0], [s1].[AccessFailedCount], [s1].[ConcurrencyStamp], [s1].[Email], [s1].[EmailConfirmed], [s1].[LockoutEnabled], [s1].[LockoutEnd], [s1].[NormalizedEmail], [s1].[NormalizedUserName], [s1].[PasswordHash], [s1].[PhoneNumber], [s1].[PhoneNumberConfirmed], [s1].[SecurityStamp], [s1].[TwoFactorEnabled], [s1].[UserName]
      FROM (
          SELECT [s].[Id], [s].[CompanyName], [s].[Divided], [s].[Industry], [s].[LastDiv], [s].[MarketCap], [s].[Purchase], [s].[Symbol]
          FROM [Stocks] AS [s]
          WHERE [s].[Symbol] IS NOT NULL AND [s].[Symbol] LIKE @symbol_contains ESCAPE N'\'
          ORDER BY (SELECT 1)
          OFFSET @p ROWS FETCH NEXT @p2 ROWS ONLY
      ) AS [s0]
      LEFT JOIN (
          SELECT [c].[Id], [c].[AppUserId], [c].[Content], [c].[CreatedAt], [c].[StockId], [c].[Title], [a].[Id] AS [Id0], [a].[AccessFailedCount], [a].[ConcurrencyStamp], [a].[Email], [a].[EmailConfirmed], [a].[LockoutEnabled], [a].[LockoutEnd], [a].[NormalizedEmail], [a].[NormalizedUserName], [a].[PasswordHash], [a].[PhoneNumber], [a].[PhoneNumberConfirmed], [a].[SecurityStamp], [a].[TwoFactorEnabled], [a].[UserName]
          FROM [Comments] AS [c]
          LEFT JOIN [AspNetUsers] AS [a] ON [c].[AppUserId] = [a].[Id]
      ) AS [s1] ON [s0].[Id] = [s1].[StockId]
      ORDER BY [s0].[Id], [s1].[Id]
info: Microsoft.EntityFrameworkCore.Database.Command[20101]
      Executed DbCommand (3ms) [Parameters=[@symbol='?' (Size = 4000)], CommandType='Text', CommandTimeout='30']
      SELECT TOP(1) [s].[Id], [s].[CompanyName], [s].[Divided], [s].[Industry], [s].[LastDiv], [s].[MarketCap], [s].[Purchase], [s].[Symbol]
      FROM [Stocks] AS [s]
      WHERE [s].[Symbol] = @symbol
info: System.Net.Http.HttpClient.IFMPInterface.LogicalHandler[100]
      Start processing HTTP request GET https://financialmodelingprep.com/stable/quote?*
info: System.Net.Http.HttpClient.IFMPInterface.ClientHandler[100]
      Sending HTTP request GET https://financialmodelingprep.com/stable/quote?*
info: System.Net.Http.HttpClient.IFMPInterface.ClientHandler[101]
      Received HTTP response headers after 344.9425ms - 402
info: System.Net.Http.HttpClient.IFMPInterface.LogicalHandler[101]
      End processing HTTP request after 345.0387ms - 402
info: Microsoft.EntityFrameworkCore.Database.Command[20101]
      Executed DbCommand (2ms) [Parameters=[@symbol='?' (Size = 4000)], CommandType='Text', CommandTimeout='30']
      SELECT TOP(1) [s].[Id], [s].[CompanyName], [s].[Divided], [s].[Industry], [s].[LastDiv], [s].[MarketCap], [s].[Purchase], [s].[Symbol]
      FROM [Stocks] AS [s]
      WHERE [s].[Symbol] = @symbol
info: System.Net.Http.HttpClient.IFMPInterface.LogicalHandler[100]
      Start processing HTTP request GET https://financialmodelingprep.com/stable/quote?*
info: System.Net.Http.HttpClient.IFMPInterface.ClientHandler[100]
      Sending HTTP request GET https://financialmodelingprep.com/stable/quote?*
info: System.Net.Http.HttpClient.IFMPInterface.ClientHandler[101]
      Received HTTP response headers after 350.0998ms - 200
info: System.Net.Http.HttpClient.IFMPInterface.LogicalHandler[101]
      End processing HTTP request after 350.2054ms - 200
info: Microsoft.EntityFrameworkCore.Database.Command[20101]
      Executed DbCommand (8ms) [Parameters=[@p0='?' (Size = 4000), @p1='?' (Precision = 18) (Scale = 2) (DbType = Decimal), @p2='?' (Size = 4000), @p3='?' (Precision = 18) (Scale = 2) (DbType = Decimal), @p4='?' (DbType = Int64), @p5='?' (Precision = 18) (Scale = 2) (DbType = Decimal), @p6='?' (Size = 4000)], CommandType='Text', CommandTimeout='30']
      SET IMPLICIT_TRANSACTIONS OFF;
      SET NOCOUNT ON;
      INSERT INTO [Stocks] ([CompanyName], [Divided], [Industry], [LastDiv], [MarketCap], [Purchase], [Symbol])
      OUTPUT INSERTED.[Id]
      VALUES (@p0, @p1, @p2, @p3, @p4, @p5, @p6);
info: Microsoft.EntityFrameworkCore.Database.Command[20101]
      Executed DbCommand (2ms) [Parameters=[@p='?' (DbType = Int32)], CommandType='Text', CommandTimeout='30']
      SELECT TOP(1) [s].[Id], [s].[CompanyName], [s].[Divided], [s].[Industry], [s].[LastDiv], [s].[MarketCap], [s].[Purchase], [s].[Symbol]
      FROM [Stocks] AS [s]
      WHERE [s].[Id] = @p
info: Microsoft.EntityFrameworkCore.Database.Command[20101]
      Executed DbCommand (6ms) [Parameters=[@p0='?' (DbType = Int32)], CommandType='Text', CommandTimeout='30']
      SET IMPLICIT_TRANSACTIONS OFF;
      SET NOCOUNT ON;
      DELETE FROM [Stocks]
      OUTPUT 1
      WHERE [Id] = @p0;
info: Microsoft.EntityFrameworkCore.Database.Command[20101]
      Executed DbCommand (7ms) [Parameters=[@p='?' (DbType = Int32), @p1='?' (DbType = Int32)], CommandType='Text', CommandTimeout='30']
      SELECT [s0].[Id], [s0].[CompanyName], [s0].[Divided], [s0].[Industry], [s0].[LastDiv], [s0].[MarketCap], [s0].[Purchase], [s0].[Symbol], [s1].[Id], [s1].[AppUserId], [s1].[Content], [s1].[CreatedAt], [s1].[StockId], [s1].[Title], [s1].[Id0], [s1].[AccessFailedCount], [s1].[ConcurrencyStamp], [s1].[Email], [s1].[EmailConfirmed], [s1].[LockoutEnabled], [s1].[LockoutEnd], [s1].[NormalizedEmail], [s1].[NormalizedUserName], [s1].[PasswordHash], [s1].[PhoneNumber], [s1].[PhoneNumberConfirmed], [s1].[SecurityStamp], [s1].[TwoFactorEnabled], [s1].[UserName]
      FROM (
          SELECT [s].[Id], [s].[CompanyName], [s].[Divided], [s].[Industry], [s].[LastDiv], [s].[MarketCap], [s].[Purchase], [s].[Symbol]
          FROM [Stocks] AS [s]
          ORDER BY [s].[Symbol]
          OFFSET @p ROWS FETCH NEXT @p1 ROWS ONLY
      ) AS [s0]
      LEFT JOIN (
          SELECT [c].[Id], [c].[AppUserId], [c].[Content], [c].[CreatedAt], [c].[StockId], [c].[Title], [a].[Id] AS [Id0], [a].[AccessFailedCount], [a].[ConcurrencyStamp], [a].[Email], [a].[EmailConfirmed], [a].[LockoutEnabled], [a].[LockoutEnd], [a].[NormalizedEmail], [a].[NormalizedUserName], [a].[PasswordHash], [a].[PhoneNumber], [a].[PhoneNumberConfirmed], [a].[SecurityStamp], [a].[TwoFactorEnabled], [a].[UserName]
          FROM [Comments] AS [c]
          LEFT JOIN [AspNetUsers] AS [a] ON [c].[AppUserId] = [a].[Id]
      ) AS [s1] ON [s0].[Id] = [s1].[StockId]
      ORDER BY [s0].[Symbol], [s0].[Id], [s1].[Id]
info: Microsoft.EntityFrameworkCore.Database.Command[20101]
      Executed DbCommand (3ms) [Parameters=[@normalizedUserName='?' (Size = 256)], CommandType='Text', CommandTimeout='30']
      SELECT TOP(1) [a].[Id], [a].[AccessFailedCount], [a].[ConcurrencyStamp], [a].[Email], [a].[EmailConfirmed], [a].[LockoutEnabled], [a].[LockoutEnd], [a].[NormalizedEmail], [a].[NormalizedUserName], [a].[PasswordHash], [a].[PhoneNumber], [a].[PhoneNumberConfirmed], [a].[SecurityStamp], [a].[TwoFactorEnabled], [a].[UserName]
      FROM [AspNetUsers] AS [a]
      WHERE [a].[NormalizedUserName] = @normalizedUserName
info: Microsoft.EntityFrameworkCore.Database.Command[20101]
      Executed DbCommand (3ms) [Parameters=[@user_Id='?' (Size = 450)], CommandType='Text', CommandTimeout='30']
      SELECT [s].[Id], [s].[Symbol], [s].[CompanyName], [s].[Purchase], [s].[Divided], [s].[LastDiv], [s].[Industry], [s].[MarketCap]
      FROM [Portfolios] AS [p]
      INNER JOIN [Stocks] AS [s] ON [p].[StockId] = [s].[Id]
      WHERE [p].[AppUserId] = @user_Id
info: System.Net.Http.HttpClient.IFMPInterface.LogicalHandler[100]
      Start processing HTTP request GET https://financialmodelingprep.com/stable/quote?*
info: System.Net.Http.HttpClient.IFMPInterface.ClientHandler[100]
      Sending HTTP request GET https://financialmodelingprep.com/stable/quote?*
info: System.Net.Http.HttpClient.IFMPInterface.LogicalHandler[100]
      Start processing HTTP request GET https://financialmodelingprep.com/stable/quote?*
info: System.Net.Http.HttpClient.IFMPInterface.ClientHandler[100]
      Sending HTTP request GET https://financialmodelingprep.com/stable/quote?*
info: System.Net.Http.HttpClient.IFMPInterface.LogicalHandler[100]
      Start processing HTTP request GET https://financialmodelingprep.com/stable/quote?*
info: System.Net.Http.HttpClient.IFMPInterface.ClientHandler[100]
      Sending HTTP request GET https://financialmodelingprep.com/stable/quote?*
info: System.Net.Http.HttpClient.IFMPInterface.LogicalHandler[100]
      Start processing HTTP request GET https://financialmodelingprep.com/stable/quote?*
info: System.Net.Http.HttpClient.IFMPInterface.ClientHandler[100]
      Sending HTTP request GET https://financialmodelingprep.com/stable/quote?*
info: System.Net.Http.HttpClient.IFMPInterface.LogicalHandler[100]
      Start processing HTTP request GET https://financialmodelingprep.com/stable/quote?*
info: System.Net.Http.HttpClient.IFMPInterface.ClientHandler[100]
      Sending HTTP request GET https://financialmodelingprep.com/stable/quote?*
info: System.Net.Http.HttpClient.IFMPInterface.LogicalHandler[100]
      Start processing HTTP request GET https://financialmodelingprep.com/stable/quote?*
info: System.Net.Http.HttpClient.IFMPInterface.ClientHandler[100]
      Sending HTTP request GET https://financialmodelingprep.com/stable/quote?*
info: System.Net.Http.HttpClient.IFMPInterface.LogicalHandler[100]
      Start processing HTTP request GET https://financialmodelingprep.com/stable/quote?*
info: System.Net.Http.HttpClient.IFMPInterface.ClientHandler[100]
      Sending HTTP request GET https://financialmodelingprep.com/stable/quote?*
info: System.Net.Http.HttpClient.IFMPInterface.ClientHandler[101]
      Received HTTP response headers after 1340.3155ms - 200
info: System.Net.Http.HttpClient.IFMPInterface.ClientHandler[101]
      Received HTTP response headers after 1339.5355ms - 200
info: System.Net.Http.HttpClient.IFMPInterface.ClientHandler[101]
      Received HTTP response headers after 1340.1343ms - 200
info: System.Net.Http.HttpClient.IFMPInterface.LogicalHandler[101]
      End processing HTTP request after 1340.4614ms - 200
info: System.Net.Http.HttpClient.IFMPInterface.LogicalHandler[101]
      End processing HTTP request after 1339.6121ms - 200
info: System.Net.Http.HttpClient.IFMPInterface.LogicalHandler[101]
      End processing HTTP request after 1340.1965ms - 200
info: System.Net.Http.HttpClient.IFMPInterface.ClientHandler[101]
      Received HTTP response headers after 1340.2242ms - 200
info: System.Net.Http.HttpClient.IFMPInterface.LogicalHandler[101]
      End processing HTTP request after 1340.2779ms - 200
info: System.Net.Http.HttpClient.IFMPInterface.ClientHandler[101]
      Received HTTP response headers after 1339.9818ms - 200
info: System.Net.Http.HttpClient.IFMPInterface.LogicalHandler[101]
      End processing HTTP request after 1340.0361ms - 200
info: System.Net.Http.HttpClient.IFMPInterface.ClientHandler[101]
      Received HTTP response headers after 1360.1735ms - 402
info: System.Net.Http.HttpClient.IFMPInterface.ClientHandler[101]
      Received HTTP response headers after 1360.3296ms - 200
info: System.Net.Http.HttpClient.IFMPInterface.LogicalHandler[101]
      End processing HTTP request after 1360.2572ms - 402
info: System.Net.Http.HttpClient.IFMPInterface.LogicalHandler[101]
      End processing HTTP request after 1360.4013ms - 200
info: Microsoft.EntityFrameworkCore.Database.Command[20101]
      Executed DbCommand (5ms) [Parameters=[@symbol_contains='?' (Size = 4000), @companyName_contains='?' (Size = 4000), @p='?' (DbType = Int32), @p3='?' (DbType = Int32)], CommandType='Text', CommandTimeout='30']
      SELECT [s0].[Id], [s0].[CompanyName], [s0].[Divided], [s0].[Industry], [s0].[LastDiv], [s0].[MarketCap], [s0].[Purchase], [s0].[Symbol], [s1].[Id], [s1].[AppUserId], [s1].[Content], [s1].[CreatedAt], [s1].[StockId], [s1].[Title], [s1].[Id0], [s1].[AccessFailedCount], [s1].[ConcurrencyStamp], [s1].[Email], [s1].[EmailConfirmed], [s1].[LockoutEnabled], [s1].[LockoutEnd], [s1].[NormalizedEmail], [s1].[NormalizedUserName], [s1].[PasswordHash], [s1].[PhoneNumber], [s1].[PhoneNumberConfirmed], [s1].[SecurityStamp], [s1].[TwoFactorEnabled], [s1].[UserName]
      FROM (
          SELECT [s].[Id], [s].[CompanyName], [s].[Divided], [s].[Industry], [s].[LastDiv], [s].[MarketCap], [s].[Purchase], [s].[Symbol]
          FROM [Stocks] AS [s]
          WHERE ([s].[Symbol] IS NOT NULL AND [s].[Symbol] LIKE @symbol_contains ESCAPE N'\') OR ([s].[CompanyName] IS NOT NULL AND [s].[CompanyName] LIKE @companyName_contains ESCAPE N'\')
          ORDER BY [s].[Symbol]
          OFFSET @p ROWS FETCH NEXT @p3 ROWS ONLY
      ) AS [s0]
      LEFT JOIN (
          SELECT [c].[Id], [c].[AppUserId], [c].[Content], [c].[CreatedAt], [c].[StockId], [c].[Title], [a].[Id] AS [Id0], [a].[AccessFailedCount], [a].[ConcurrencyStamp], [a].[Email], [a].[EmailConfirmed], [a].[LockoutEnabled], [a].[LockoutEnd], [a].[NormalizedEmail], [a].[NormalizedUserName], [a].[PasswordHash], [a].[PhoneNumber], [a].[PhoneNumberConfirmed], [a].[SecurityStamp], [a].[TwoFactorEnabled], [a].[UserName]
          FROM [Comments] AS [c]
          LEFT JOIN [AspNetUsers] AS [a] ON [c].[AppUserId] = [a].[Id]
      ) AS [s1] ON [s0].[Id] = [s1].[StockId]
      ORDER BY [s0].[Symbol], [s0].[Id], [s1].[Id]
info: Microsoft.EntityFrameworkCore.Database.Command[20101]
      Executed DbCommand (2ms) [Parameters=[@symbol='?' (Size = 4000)], CommandType='Text', CommandTimeout='30']
      SELECT TOP(1) [s].[Id], [s].[CompanyName], [s].[Divided], [s].[Industry], [s].[LastDiv], [s].[MarketCap], [s].[Purchase], [s].[Symbol]
      FROM [Stocks] AS [s]
      WHERE [s].[Symbol] = @symbol
info: System.Net.Http.HttpClient.IFMPInterface.LogicalHandler[100]
      Start processing HTTP request GET https://financialmodelingprep.com/stable/quote?*
info: System.Net.Http.HttpClient.IFMPInterface.ClientHandler[100]
      Sending HTTP request GET https://financialmodelingprep.com/stable/quote?*
info: System.Net.Http.HttpClient.IFMPInterface.ClientHandler[101]
      Received HTTP response headers after 345.3162ms - 200
info: System.Net.Http.HttpClient.IFMPInterface.LogicalHandler[101]
      End processing HTTP request after 345.5448ms - 200
info: Microsoft.EntityFrameworkCore.Database.Command[20101]
      Executed DbCommand (17ms) [Parameters=[@p0='?' (Size = 4000), @p1='?' (Precision = 18) (Scale = 2) (DbType = Decimal), @p2='?' (Size = 4000), @p3='?' (Precision = 18) (Scale = 2) (DbType = Decimal), @p4='?' (DbType = Int64), @p5='?' (Precision = 18) (Scale = 2) (DbType = Decimal), @p6='?' (Size = 4000)], CommandType='Text', CommandTimeout='30']
      SET IMPLICIT_TRANSACTIONS OFF;
      SET NOCOUNT ON;
      INSERT INTO [Stocks] ([CompanyName], [Divided], [Industry], [LastDiv], [MarketCap], [Purchase], [Symbol])
      OUTPUT INSERTED.[Id]
      VALUES (@p0, @p1, @p2, @p3, @p4, @p5, @p6);
info: Microsoft.EntityFrameworkCore.Database.Command[20101]
      Executed DbCommand (3ms) [Parameters=[@stockId='?' (DbType = Int32)], CommandType='Text', CommandTimeout='30']
      SELECT [c].[Id], [c].[StockId], [c].[Title], [c].[Content], [c].[CreatedAt], [a].[UserName] AS [CreatedBy]
      FROM [Comments] AS [c]
      LEFT JOIN [AspNetUsers] AS [a] ON [c].[AppUserId] = [a].[Id]
      WHERE [c].[StockId] = @stockId
info: Microsoft.EntityFrameworkCore.Database.Command[20101]
      Executed DbCommand (3ms) [Parameters=[@id='?' (DbType = Int32)], CommandType='Text', CommandTimeout='30']
      SELECT [s0].[Id], [s0].[CompanyName], [s0].[Divided], [s0].[Industry], [s0].[LastDiv], [s0].[MarketCap], [s0].[Purchase], [s0].[Symbol], [s1].[Id], [s1].[AppUserId], [s1].[Content], [s1].[CreatedAt], [s1].[StockId], [s1].[Title], [s1].[Id0], [s1].[AccessFailedCount], [s1].[ConcurrencyStamp], [s1].[Email], [s1].[EmailConfirmed], [s1].[LockoutEnabled], [s1].[LockoutEnd], [s1].[NormalizedEmail], [s1].[NormalizedUserName], [s1].[PasswordHash], [s1].[PhoneNumber], [s1].[PhoneNumberConfirmed], [s1].[SecurityStamp], [s1].[TwoFactorEnabled], [s1].[UserName]
      FROM (
          SELECT TOP(1) [s].[Id], [s].[CompanyName], [s].[Divided], [s].[Industry], [s].[LastDiv], [s].[MarketCap], [s].[Purchase], [s].[Symbol]
          FROM [Stocks] AS [s]
          WHERE [s].[Id] = @id
      ) AS [s0]
      LEFT JOIN (
          SELECT [c].[Id], [c].[AppUserId], [c].[Content], [c].[CreatedAt], [c].[StockId], [c].[Title], [a].[Id] AS [Id0], [a].[AccessFailedCount], [a].[ConcurrencyStamp], [a].[Email], [a].[EmailConfirmed], [a].[LockoutEnabled], [a].[LockoutEnd], [a].[NormalizedEmail], [a].[NormalizedUserName], [a].[PasswordHash], [a].[PhoneNumber], [a].[PhoneNumberConfirmed], [a].[SecurityStamp], [a].[TwoFactorEnabled], [a].[UserName]
          FROM [Comments] AS [c]
          LEFT JOIN [AspNetUsers] AS [a] ON [c].[AppUserId] = [a].[Id]
      ) AS [s1] ON [s0].[Id] = [s1].[StockId]
      ORDER BY [s0].[Id], [s1].[Id]
info: Microsoft.EntityFrameworkCore.Database.Command[20101]
      Executed DbCommand (2ms) [Parameters=[@stockId='?' (DbType = Int32)], CommandType='Text', CommandTimeout='30']
      SELECT [c].[Id], [c].[StockId], [c].[Title], [c].[Content], [c].[CreatedAt], [a].[UserName] AS [CreatedBy]
      FROM [Comments] AS [c]
      LEFT JOIN [AspNetUsers] AS [a] ON [c].[AppUserId] = [a].[Id]
      WHERE [c].[StockId] = @stockId
info: Microsoft.EntityFrameworkCore.Database.Command[20101]
      Executed DbCommand (2ms) [Parameters=[@id='?' (DbType = Int32)], CommandType='Text', CommandTimeout='30']
      SELECT [s0].[Id], [s0].[CompanyName], [s0].[Divided], [s0].[Industry], [s0].[LastDiv], [s0].[MarketCap], [s0].[Purchase], [s0].[Symbol], [s1].[Id], [s1].[AppUserId], [s1].[Content], [s1].[CreatedAt], [s1].[StockId], [s1].[Title], [s1].[Id0], [s1].[AccessFailedCount], [s1].[ConcurrencyStamp], [s1].[Email], [s1].[EmailConfirmed], [s1].[LockoutEnabled], [s1].[LockoutEnd], [s1].[NormalizedEmail], [s1].[NormalizedUserName], [s1].[PasswordHash], [s1].[PhoneNumber], [s1].[PhoneNumberConfirmed], [s1].[SecurityStamp], [s1].[TwoFactorEnabled], [s1].[UserName]
      FROM (
          SELECT TOP(1) [s].[Id], [s].[CompanyName], [s].[Divided], [s].[Industry], [s].[LastDiv], [s].[MarketCap], [s].[Purchase], [s].[Symbol]
          FROM [Stocks] AS [s]
          WHERE [s].[Id] = @id
      ) AS [s0]
      LEFT JOIN (
          SELECT [c].[Id], [c].[AppUserId], [c].[Content], [c].[CreatedAt], [c].[StockId], [c].[Title], [a].[Id] AS [Id0], [a].[AccessFailedCount], [a].[ConcurrencyStamp], [a].[Email], [a].[EmailConfirmed], [a].[LockoutEnabled], [a].[LockoutEnd], [a].[NormalizedEmail], [a].[NormalizedUserName], [a].[PasswordHash], [a].[PhoneNumber], [a].[PhoneNumberConfirmed], [a].[SecurityStamp], [a].[TwoFactorEnabled], [a].[UserName]
          FROM [Comments] AS [c]
          LEFT JOIN [AspNetUsers] AS [a] ON [c].[AppUserId] = [a].[Id]
      ) AS [s1] ON [s0].[Id] = [s1].[StockId]
      ORDER BY [s0].[Id], [s1].[Id]
info: Microsoft.EntityFrameworkCore.Database.Command[20101]
      Executed DbCommand (3ms) [Parameters=[@normalizedUserName='?' (Size = 256)], CommandType='Text', CommandTimeout='30']
      SELECT TOP(1) [a].[Id], [a].[AccessFailedCount], [a].[ConcurrencyStamp], [a].[Email], [a].[EmailConfirmed], [a].[LockoutEnabled], [a].[LockoutEnd], [a].[NormalizedEmail], [a].[NormalizedUserName], [a].[PasswordHash], [a].[PhoneNumber], [a].[PhoneNumberConfirmed], [a].[SecurityStamp], [a].[TwoFactorEnabled], [a].[UserName]
      FROM [AspNetUsers] AS [a]
      WHERE [a].[NormalizedUserName] = @normalizedUserName
info: Microsoft.EntityFrameworkCore.Database.Command[20101]
      Executed DbCommand (3ms) [Parameters=[@user_Id='?' (Size = 450)], CommandType='Text', CommandTimeout='30']
      SELECT [s].[Id], [s].[Symbol], [s].[CompanyName], [s].[Purchase], [s].[Divided], [s].[LastDiv], [s].[Industry], [s].[MarketCap]
      FROM [Portfolios] AS [p]
      INNER JOIN [Stocks] AS [s] ON [p].[StockId] = [s].[Id]
      WHERE [p].[AppUserId] = @user_Id
info: System.Net.Http.HttpClient.IFMPInterface.LogicalHandler[100]
      Start processing HTTP request GET https://financialmodelingprep.com/stable/historical-price-eod/light?*
info: System.Net.Http.HttpClient.IFMPInterface.ClientHandler[100]
      Sending HTTP request GET https://financialmodelingprep.com/stable/historical-price-eod/light?*
info: System.Net.Http.HttpClient.IFMPInterface.ClientHandler[101]
      Received HTTP response headers after 685.6269ms - 200
info: System.Net.Http.HttpClient.IFMPInterface.LogicalHandler[101]
      End processing HTTP request after 685.7371ms - 200
info: Microsoft.EntityFrameworkCore.Database.Command[20101]
      Executed DbCommand (12ms) [Parameters=[@normalizedUserName='?' (Size = 256)], CommandType='Text', CommandTimeout='30']
      SELECT TOP(1) [a].[Id], [a].[AccessFailedCount], [a].[ConcurrencyStamp], [a].[Email], [a].[EmailConfirmed], [a].[LockoutEnabled], [a].[LockoutEnd], [a].[NormalizedEmail], [a].[NormalizedUserName], [a].[PasswordHash], [a].[PhoneNumber], [a].[PhoneNumberConfirmed], [a].[SecurityStamp], [a].[TwoFactorEnabled], [a].[UserName]
      FROM [AspNetUsers] AS [a]
      WHERE [a].[NormalizedUserName] = @normalizedUserName
info: Microsoft.EntityFrameworkCore.Database.Command[20101]
      Executed DbCommand (14ms) [Parameters=[@p='?' (DbType = Int32), @p1='?' (DbType = Int32)], CommandType='Text', CommandTimeout='30']
      SELECT [s0].[Id], [s0].[CompanyName], [s0].[Divided], [s0].[Industry], [s0].[LastDiv], [s0].[MarketCap], [s0].[Purchase], [s0].[Symbol], [s1].[Id], [s1].[AppUserId], [s1].[Content], [s1].[CreatedAt], [s1].[StockId], [s1].[Title], [s1].[Id0], [s1].[AccessFailedCount], [s1].[ConcurrencyStamp], [s1].[Email], [s1].[EmailConfirmed], [s1].[LockoutEnabled], [s1].[LockoutEnd], [s1].[NormalizedEmail], [s1].[NormalizedUserName], [s1].[PasswordHash], [s1].[PhoneNumber], [s1].[PhoneNumberConfirmed], [s1].[SecurityStamp], [s1].[TwoFactorEnabled], [s1].[UserName]
      FROM (
          SELECT [s].[Id], [s].[CompanyName], [s].[Divided], [s].[Industry], [s].[LastDiv], [s].[MarketCap], [s].[Purchase], [s].[Symbol]
          FROM [Stocks] AS [s]
          ORDER BY [s].[Symbol]
          OFFSET @p ROWS FETCH NEXT @p1 ROWS ONLY
      ) AS [s0]
      LEFT JOIN (
          SELECT [c].[Id], [c].[AppUserId], [c].[Content], [c].[CreatedAt], [c].[StockId], [c].[Title], [a].[Id] AS [Id0], [a].[AccessFailedCount], [a].[ConcurrencyStamp], [a].[Email], [a].[EmailConfirmed], [a].[LockoutEnabled], [a].[LockoutEnd], [a].[NormalizedEmail], [a].[NormalizedUserName], [a].[PasswordHash], [a].[PhoneNumber], [a].[PhoneNumberConfirmed], [a].[SecurityStamp], [a].[TwoFactorEnabled], [a].[UserName]
          FROM [Comments] AS [c]
          LEFT JOIN [AspNetUsers] AS [a] ON [c].[AppUserId] = [a].[Id]
      ) AS [s1] ON [s0].[Id] = [s1].[StockId]
      ORDER BY [s0].[Symbol], [s0].[Id], [s1].[Id]
info: Microsoft.EntityFrameworkCore.Database.Command[20101]
      Executed DbCommand (3ms) [Parameters=[@user_Id='?' (Size = 450)], CommandType='Text', CommandTimeout='30']
      SELECT [s].[Id], [s].[Symbol], [s].[CompanyName], [s].[Purchase], [s].[Divided], [s].[LastDiv], [s].[Industry], [s].[MarketCap]
      FROM [Portfolios] AS [p]
      INNER JOIN [Stocks] AS [s] ON [p].[StockId] = [s].[Id]
      WHERE [p].[AppUserId] = @user_Id
info: System.Net.Http.HttpClient.IFMPInterface.LogicalHandler[100]
      Start processing HTTP request GET https://financialmodelingprep.com/stable/quote?*
info: System.Net.Http.HttpClient.IFMPInterface.ClientHandler[100]
      Sending HTTP request GET https://financialmodelingprep.com/stable/quote?*
info: System.Net.Http.HttpClient.IFMPInterface.LogicalHandler[100]
      Start processing HTTP request GET https://financialmodelingprep.com/stable/quote?*
info: System.Net.Http.HttpClient.IFMPInterface.ClientHandler[100]
      Sending HTTP request GET https://financialmodelingprep.com/stable/quote?*
info: System.Net.Http.HttpClient.IFMPInterface.LogicalHandler[100]
      Start processing HTTP request GET https://financialmodelingprep.com/stable/quote?*
info: System.Net.Http.HttpClient.IFMPInterface.ClientHandler[100]
      Sending HTTP request GET https://financialmodelingprep.com/stable/quote?*
info: System.Net.Http.HttpClient.IFMPInterface.LogicalHandler[100]
      Start processing HTTP request GET https://financialmodelingprep.com/stable/quote?*
info: System.Net.Http.HttpClient.IFMPInterface.ClientHandler[100]
      Sending HTTP request GET https://financialmodelingprep.com/stable/quote?*
info: System.Net.Http.HttpClient.IFMPInterface.LogicalHandler[100]
      Start processing HTTP request GET https://financialmodelingprep.com/stable/quote?*
info: System.Net.Http.HttpClient.IFMPInterface.ClientHandler[100]
      Sending HTTP request GET https://financialmodelingprep.com/stable/quote?*
info: System.Net.Http.HttpClient.IFMPInterface.LogicalHandler[100]
      Start processing HTTP request GET https://financialmodelingprep.com/stable/quote?*
info: System.Net.Http.HttpClient.IFMPInterface.ClientHandler[100]
      Sending HTTP request GET https://financialmodelingprep.com/stable/quote?*
info: System.Net.Http.HttpClient.IFMPInterface.LogicalHandler[100]
      Start processing HTTP request GET https://financialmodelingprep.com/stable/quote?*
info: System.Net.Http.HttpClient.IFMPInterface.ClientHandler[100]
      Sending HTTP request GET https://financialmodelingprep.com/stable/quote?*
info: System.Net.Http.HttpClient.IFMPInterface.LogicalHandler[100]
      Start processing HTTP request GET https://financialmodelingprep.com/stable/quote?*
info: System.Net.Http.HttpClient.IFMPInterface.ClientHandler[100]
      Sending HTTP request GET https://financialmodelingprep.com/stable/quote?*
info: System.Net.Http.HttpClient.IFMPInterface.ClientHandler[101]
      Received HTTP response headers after 1339.2389ms - 200
info: System.Net.Http.HttpClient.IFMPInterface.ClientHandler[101]
      Received HTTP response headers after 1339.4309ms - 402
info: System.Net.Http.HttpClient.IFMPInterface.ClientHandler[101]
      Received HTTP response headers after 1339.5474ms - 200
info: System.Net.Http.HttpClient.IFMPInterface.LogicalHandler[101]
      End processing HTTP request after 1339.5048ms - 402
info: System.Net.Http.HttpClient.IFMPInterface.LogicalHandler[101]
      End processing HTTP request after 1339.6165ms - 200
info: System.Net.Http.HttpClient.IFMPInterface.LogicalHandler[101]
      End processing HTTP request after 1339.3758ms - 200
info: System.Net.Http.HttpClient.IFMPInterface.ClientHandler[101]
      Received HTTP response headers after 1340.3158ms - 200
info: System.Net.Http.HttpClient.IFMPInterface.LogicalHandler[101]
      End processing HTTP request after 1340.4442ms - 200
info: System.Net.Http.HttpClient.IFMPInterface.ClientHandler[101]
      Received HTTP response headers after 1340.1767ms - 200
info: System.Net.Http.HttpClient.IFMPInterface.LogicalHandler[101]
      End processing HTTP request after 1340.3549ms - 200
info: System.Net.Http.HttpClient.IFMPInterface.ClientHandler[101]
      Received HTTP response headers after 1374.9643ms - 200
info: System.Net.Http.HttpClient.IFMPInterface.ClientHandler[101]
      Received HTTP response headers after 1375.0855ms - 200
info: System.Net.Http.HttpClient.IFMPInterface.LogicalHandler[101]
      End processing HTTP request after 1375.2718ms - 200
info: System.Net.Http.HttpClient.IFMPInterface.LogicalHandler[101]
      End processing HTTP request after 1375.0552ms - 200
info: System.Net.Http.HttpClient.IFMPInterface.ClientHandler[101]
      Received HTTP response headers after 1385.7127ms - 200
info: System.Net.Http.HttpClient.IFMPInterface.LogicalHandler[101]
      End processing HTTP request after 1385.8168ms - 200
info: Microsoft.EntityFrameworkCore.Database.Command[20101]
      Executed DbCommand (3ms) [Parameters=[@symbol_contains='?' (Size = 4000), @p='?' (DbType = Int32), @p2='?' (DbType = Int32)], CommandType='Text', CommandTimeout='30']
      SELECT [s0].[Id], [s0].[CompanyName], [s0].[Divided], [s0].[Industry], [s0].[LastDiv], [s0].[MarketCap], [s0].[Purchase], [s0].[Symbol], [s1].[Id], [s1].[AppUserId], [s1].[Content], [s1].[CreatedAt], [s1].[StockId], [s1].[Title], [s1].[Id0], [s1].[AccessFailedCount], [s1].[ConcurrencyStamp], [s1].[Email], [s1].[EmailConfirmed], [s1].[LockoutEnabled], [s1].[LockoutEnd], [s1].[NormalizedEmail], [s1].[NormalizedUserName], [s1].[PasswordHash], [s1].[PhoneNumber], [s1].[PhoneNumberConfirmed], [s1].[SecurityStamp], [s1].[TwoFactorEnabled], [s1].[UserName]
      FROM (
          SELECT [s].[Id], [s].[CompanyName], [s].[Divided], [s].[Industry], [s].[LastDiv], [s].[MarketCap], [s].[Purchase], [s].[Symbol]
          FROM [Stocks] AS [s]
          WHERE [s].[Symbol] IS NOT NULL AND [s].[Symbol] LIKE @symbol_contains ESCAPE N'\'
          ORDER BY (SELECT 1)
          OFFSET @p ROWS FETCH NEXT @p2 ROWS ONLY
      ) AS [s0]
      LEFT JOIN (
          SELECT [c].[Id], [c].[AppUserId], [c].[Content], [c].[CreatedAt], [c].[StockId], [c].[Title], [a].[Id] AS [Id0], [a].[AccessFailedCount], [a].[ConcurrencyStamp], [a].[Email], [a].[EmailConfirmed], [a].[LockoutEnabled], [a].[LockoutEnd], [a].[NormalizedEmail], [a].[NormalizedUserName], [a].[PasswordHash], [a].[PhoneNumber], [a].[PhoneNumberConfirmed], [a].[SecurityStamp], [a].[TwoFactorEnabled], [a].[UserName]
          FROM [Comments] AS [c]
          LEFT JOIN [AspNetUsers] AS [a] ON [c].[AppUserId] = [a].[Id]
      ) AS [s1] ON [s0].[Id] = [s1].[StockId]
      ORDER BY [s0].[Id], [s1].[Id]
info: Microsoft.EntityFrameworkCore.Database.Command[20101]
      Executed DbCommand (9ms) [Parameters=[@symbol_contains='?' (Size = 4000), @p='?' (DbType = Int32), @p2='?' (DbType = Int32)], CommandType='Text', CommandTimeout='30']
      SELECT [s0].[Id], [s0].[CompanyName], [s0].[Divided], [s0].[Industry], [s0].[LastDiv], [s0].[MarketCap], [s0].[Purchase], [s0].[Symbol], [s1].[Id], [s1].[AppUserId], [s1].[Content], [s1].[CreatedAt], [s1].[StockId], [s1].[Title], [s1].[Id0], [s1].[AccessFailedCount], [s1].[ConcurrencyStamp], [s1].[Email], [s1].[EmailConfirmed], [s1].[LockoutEnabled], [s1].[LockoutEnd], [s1].[NormalizedEmail], [s1].[NormalizedUserName], [s1].[PasswordHash], [s1].[PhoneNumber], [s1].[PhoneNumberConfirmed], [s1].[SecurityStamp], [s1].[TwoFactorEnabled], [s1].[UserName]
      FROM (
          SELECT [s].[Id], [s].[CompanyName], [s].[Divided], [s].[Industry], [s].[LastDiv], [s].[MarketCap], [s].[Purchase], [s].[Symbol]
          FROM [Stocks] AS [s]
          WHERE [s].[Symbol] IS NOT NULL AND [s].[Symbol] LIKE @symbol_contains ESCAPE N'\'
          ORDER BY (SELECT 1)
          OFFSET @p ROWS FETCH NEXT @p2 ROWS ONLY
      ) AS [s0]
      LEFT JOIN (
          SELECT [c].[Id], [c].[AppUserId], [c].[Content], [c].[CreatedAt], [c].[StockId], [c].[Title], [a].[Id] AS [Id0], [a].[AccessFailedCount], [a].[ConcurrencyStamp], [a].[Email], [a].[EmailConfirmed], [a].[LockoutEnabled], [a].[LockoutEnd], [a].[NormalizedEmail], [a].[NormalizedUserName], [a].[PasswordHash], [a].[PhoneNumber], [a].[PhoneNumberConfirmed], [a].[SecurityStamp], [a].[TwoFactorEnabled], [a].[UserName]
          FROM [Comments] AS [c]
          LEFT JOIN [AspNetUsers] AS [a] ON [c].[AppUserId] = [a].[Id]
      ) AS [s1] ON [s0].[Id] = [s1].[StockId]
      ORDER BY [s0].[Id], [s1].[Id]
info: Microsoft.EntityFrameworkCore.Database.Command[20101]
      Executed DbCommand (2ms) [Parameters=[@p='?' (DbType = Int32)], CommandType='Text', CommandTimeout='30']
      SELECT TOP(1) [s].[Id], [s].[CompanyName], [s].[Divided], [s].[Industry], [s].[LastDiv], [s].[MarketCap], [s].[Purchase], [s].[Symbol]
      FROM [Stocks] AS [s]
      WHERE [s].[Id] = @p
info: Microsoft.EntityFrameworkCore.Database.Command[20101]
      Executed DbCommand (7ms) [Parameters=[@p0='?' (DbType = Int32)], CommandType='Text', CommandTimeout='30']
      SET IMPLICIT_TRANSACTIONS OFF;
      SET NOCOUNT ON;
      DELETE FROM [Stocks]
      OUTPUT 1
      WHERE [Id] = @p0;
info: Microsoft.EntityFrameworkCore.Database.Command[20101]
      Executed DbCommand (4ms) [Parameters=[@symbol_contains='?' (Size = 4000), @p='?' (DbType = Int32), @p2='?' (DbType = Int32)], CommandType='Text', CommandTimeout='30']
      SELECT [s0].[Id], [s0].[CompanyName], [s0].[Divided], [s0].[Industry], [s0].[LastDiv], [s0].[MarketCap], [s0].[Purchase], [s0].[Symbol], [s1].[Id], [s1].[AppUserId], [s1].[Content], [s1].[CreatedAt], [s1].[StockId], [s1].[Title], [s1].[Id0], [s1].[AccessFailedCount], [s1].[ConcurrencyStamp], [s1].[Email], [s1].[EmailConfirmed], [s1].[LockoutEnabled], [s1].[LockoutEnd], [s1].[NormalizedEmail], [s1].[NormalizedUserName], [s1].[PasswordHash], [s1].[PhoneNumber], [s1].[PhoneNumberConfirmed], [s1].[SecurityStamp], [s1].[TwoFactorEnabled], [s1].[UserName]
      FROM (
          SELECT [s].[Id], [s].[CompanyName], [s].[Divided], [s].[Industry], [s].[LastDiv], [s].[MarketCap], [s].[Purchase], [s].[Symbol]
          FROM [Stocks] AS [s]
          WHERE [s].[Symbol] IS NOT NULL AND [s].[Symbol] LIKE @symbol_contains ESCAPE N'\'
          ORDER BY (SELECT 1)
          OFFSET @p ROWS FETCH NEXT @p2 ROWS ONLY
      ) AS [s0]
      LEFT JOIN (
          SELECT [c].[Id], [c].[AppUserId], [c].[Content], [c].[CreatedAt], [c].[StockId], [c].[Title], [a].[Id] AS [Id0], [a].[AccessFailedCount], [a].[ConcurrencyStamp], [a].[Email], [a].[EmailConfirmed], [a].[LockoutEnabled], [a].[LockoutEnd], [a].[NormalizedEmail], [a].[NormalizedUserName], [a].[PasswordHash], [a].[PhoneNumber], [a].[PhoneNumberConfirmed], [a].[SecurityStamp], [a].[TwoFactorEnabled], [a].[UserName]
          FROM [Comments] AS [c]
          LEFT JOIN [AspNetUsers] AS [a] ON [c].[AppUserId] = [a].[Id]
      ) AS [s1] ON [s0].[Id] = [s1].[StockId]
      ORDER BY [s0].[Id], [s1].[Id]
info: Microsoft.EntityFrameworkCore.Database.Command[20101]
      Executed DbCommand (2ms) [Parameters=[@symbol_contains='?' (Size = 4000), @p='?' (DbType = Int32), @p2='?' (DbType = Int32)], CommandType='Text', CommandTimeout='30']
      SELECT [s0].[Id], [s0].[CompanyName], [s0].[Divided], [s0].[Industry], [s0].[LastDiv], [s0].[MarketCap], [s0].[Purchase], [s0].[Symbol], [s1].[Id], [s1].[AppUserId], [s1].[Content], [s1].[CreatedAt], [s1].[StockId], [s1].[Title], [s1].[Id0], [s1].[AccessFailedCount], [s1].[ConcurrencyStamp], [s1].[Email], [s1].[EmailConfirmed], [s1].[LockoutEnabled], [s1].[LockoutEnd], [s1].[NormalizedEmail], [s1].[NormalizedUserName], [s1].[PasswordHash], [s1].[PhoneNumber], [s1].[PhoneNumberConfirmed], [s1].[SecurityStamp], [s1].[TwoFactorEnabled], [s1].[UserName]
      FROM (
          SELECT [s].[Id], [s].[CompanyName], [s].[Divided], [s].[Industry], [s].[LastDiv], [s].[MarketCap], [s].[Purchase], [s].[Symbol]
          FROM [Stocks] AS [s]
          WHERE [s].[Symbol] IS NOT NULL AND [s].[Symbol] LIKE @symbol_contains ESCAPE N'\'
          ORDER BY (SELECT 1)
          OFFSET @p ROWS FETCH NEXT @p2 ROWS ONLY
      ) AS [s0]
      LEFT JOIN (
          SELECT [c].[Id], [c].[AppUserId], [c].[Content], [c].[CreatedAt], [c].[StockId], [c].[Title], [a].[Id] AS [Id0], [a].[AccessFailedCount], [a].[ConcurrencyStamp], [a].[Email], [a].[EmailConfirmed], [a].[LockoutEnabled], [a].[LockoutEnd], [a].[NormalizedEmail], [a].[NormalizedUserName], [a].[PasswordHash], [a].[PhoneNumber], [a].[PhoneNumberConfirmed], [a].[SecurityStamp], [a].[TwoFactorEnabled], [a].[UserName]
          FROM [Comments] AS [c]
          LEFT JOIN [AspNetUsers] AS [a] ON [c].[AppUserId] = [a].[Id]
      ) AS [s1] ON [s0].[Id] = [s1].[StockId]
      ORDER BY [s0].[Id], [s1].[Id]
warn: Microsoft.EntityFrameworkCore.Query[10102]
      The query uses a row limiting operator ('Skip'/'Take') without an 'OrderBy' operator. This may lead to unpredictable results. If the 'Distinct' operator is used after 'OrderBy', then make sure to use the 'OrderBy' operator after 'Distinct' as the ordering would otherwise get erased.
warn: Microsoft.EntityFrameworkCore.Query[10102]
      The query uses a row limiting operator ('Skip'/'Take') without an 'OrderBy' operator. This may lead to unpredictable results. If the 'Distinct' operator is used after 'OrderBy', then make sure to use the 'OrderBy' operator after 'Distinct' as the ordering would otherwise get erased.
info: Microsoft.EntityFrameworkCore.Database.Command[20101]
      Executed DbCommand (3ms) [Parameters=[@p='?' (DbType = Int32), @p1='?' (DbType = Int32)], CommandType='Text', CommandTimeout='30']
      SELECT [s0].[Id], [s0].[CompanyName], [s0].[Divided], [s0].[Industry], [s0].[LastDiv], [s0].[MarketCap], [s0].[Purchase], [s0].[Symbol], [s1].[Id], [s1].[AppUserId], [s1].[Content], [s1].[CreatedAt], [s1].[StockId], [s1].[Title], [s1].[Id0], [s1].[AccessFailedCount], [s1].[ConcurrencyStamp], [s1].[Email], [s1].[EmailConfirmed], [s1].[LockoutEnabled], [s1].[LockoutEnd], [s1].[NormalizedEmail], [s1].[NormalizedUserName], [s1].[PasswordHash], [s1].[PhoneNumber], [s1].[PhoneNumberConfirmed], [s1].[SecurityStamp], [s1].[TwoFactorEnabled], [s1].[UserName]
      FROM (
          SELECT [s].[Id], [s].[CompanyName], [s].[Divided], [s].[Industry], [s].[LastDiv], [s].[MarketCap], [s].[Purchase], [s].[Symbol]
          FROM [Stocks] AS [s]
          ORDER BY (SELECT 1)
          OFFSET @p ROWS FETCH NEXT @p1 ROWS ONLY
      ) AS [s0]
      LEFT JOIN (
          SELECT [c].[Id], [c].[AppUserId], [c].[Content], [c].[CreatedAt], [c].[StockId], [c].[Title], [a].[Id] AS [Id0], [a].[AccessFailedCount], [a].[ConcurrencyStamp], [a].[Email], [a].[EmailConfirmed], [a].[LockoutEnabled], [a].[LockoutEnd], [a].[NormalizedEmail], [a].[NormalizedUserName], [a].[PasswordHash], [a].[PhoneNumber], [a].[PhoneNumberConfirmed], [a].[SecurityStamp], [a].[TwoFactorEnabled], [a].[UserName]
          FROM [Comments] AS [c]
          LEFT JOIN [AspNetUsers] AS [a] ON [c].[AppUserId] = [a].[Id]
      ) AS [s1] ON [s0].[Id] = [s1].[StockId]
      ORDER BY [s0].[Id], [s1].[Id]
